Archive member included because of file (symbol)

/opt/ARM/bin/../lib/gcc/arm-none-eabi/4.8.4/../../../../arm-none-eabi/lib/armv7e-m/softfp/libg.a(lib_a-errno.o)
                              ./libs/misc/src/_sbrk.o (__errno)
/opt/ARM/bin/../lib/gcc/arm-none-eabi/4.8.4/../../../../arm-none-eabi/lib/armv7e-m/softfp/libg.a(lib_a-impure.o)
                              /opt/ARM/bin/../lib/gcc/arm-none-eabi/4.8.4/../../../../arm-none-eabi/lib/armv7e-m/softfp/libg.a(lib_a-errno.o) (_impure_ptr)
/opt/ARM/bin/../lib/gcc/arm-none-eabi/4.8.4/../../../../arm-none-eabi/lib/armv7e-m/softfp/libg.a(lib_a-memcmp.o)
                              ./libs/FreeRTOS/src/tasks.o (memcmp)
/opt/ARM/bin/../lib/gcc/arm-none-eabi/4.8.4/../../../../arm-none-eabi/lib/armv7e-m/softfp/libg.a(lib_a-memcpy.o)
                              ./libs/FreeRTOS/src/queue.o (memcpy)
/opt/ARM/bin/../lib/gcc/arm-none-eabi/4.8.4/../../../../arm-none-eabi/lib/armv7e-m/softfp/libg.a(lib_a-memset.o)
                              ./libs/FreeRTOS/src/tasks.o (memset)

Allocating common symbols
Common symbol       size              file

textQueue           0x4               ./src/main.o
xQueueRegistry      0x40              ./libs/FreeRTOS/src/queue.o
str_value           0x14              ./src/main.o
myQueue             0x4               ./src/main.o

Discarded input sections

 .group         0x00000000        0x8 ./src/main.o
 .group         0x00000000        0x8 ./src/main.o
 .group         0x00000000        0x8 ./src/main.o
 .group         0x00000000        0x8 ./src/main.o
 .group         0x00000000        0x8 ./src/main.o
 .group         0x00000000        0x8 ./src/main.o
 .group         0x00000000        0x8 ./src/main.o
 .group         0x00000000        0x8 ./src/main.o
 .group         0x00000000        0x8 ./src/main.o
 .group         0x00000000        0x8 ./src/main.o
 .group         0x00000000        0x8 ./src/main.o
 .group         0x00000000        0x8 ./src/main.o
 .group         0x00000000        0x8 ./src/main.o
 .group         0x00000000        0x8 ./src/main.o
 .group         0x00000000        0x8 ./src/main.o
 .group         0x00000000        0x8 ./src/main.o
 .group         0x00000000        0x8 ./src/main.o
 .group         0x00000000        0x8 ./src/main.o
 .group         0x00000000        0x8 ./src/main.o
 .group         0x00000000        0x8 ./src/main.o
 .group         0x00000000        0x8 ./src/main.o
 .group         0x00000000        0x8 ./src/main.o
 .group         0x00000000        0x8 ./src/main.o
 .group         0x00000000        0x8 ./src/main.o
 .group         0x00000000        0x8 ./src/main.o
 .group         0x00000000        0x8 ./src/main.o
 .group         0x00000000        0x8 ./src/main.o
 .group         0x00000000        0x8 ./src/main.o
 .group         0x00000000        0x8 ./src/main.o
 .group         0x00000000        0x8 ./src/main.o
 .group         0x00000000        0x8 ./src/main.o
 .group         0x00000000        0x8 ./src/main.o
 .group         0x00000000        0x8 ./src/main.o
 .group         0x00000000        0x8 ./src/main.o
 .group         0x00000000        0x8 ./src/main.o
 .group         0x00000000        0x8 ./src/main.o
 .group         0x00000000        0x8 ./src/main.o
 .group         0x00000000        0x8 ./src/main.o
 .group         0x00000000        0x8 ./src/main.o
 .group         0x00000000        0x8 ./src/main.o
 .group         0x00000000        0x8 ./src/main.o
 .group         0x00000000        0x8 ./src/main.o
 .group         0x00000000        0x8 ./src/main.o
 .group         0x00000000        0x8 ./src/main.o
 .group         0x00000000        0x8 ./src/main.o
 .group         0x00000000        0x8 ./src/main.o
 .group         0x00000000        0x8 ./src/main.o
 .group         0x00000000        0x8 ./src/main.o
 .group         0x00000000        0x8 ./src/main.o
 .group         0x00000000        0x8 ./src/main.o
 .group         0x00000000        0x8 ./src/main.o
 .group         0x00000000        0x8 ./src/main.o
 .group         0x00000000        0x8 ./src/main.o
 .group         0x00000000        0x8 ./src/main.o
 .group         0x00000000        0x8 ./src/main.o
 .group         0x00000000        0x8 ./src/main.o
 .group         0x00000000        0x8 ./src/main.o
 .group         0x00000000        0x8 ./src/main.o
 .group         0x00000000        0x8 ./src/main.o
 .group         0x00000000        0x8 ./src/main.o
 .group         0x00000000        0x8 ./src/main.o
 .group         0x00000000        0x8 ./src/main.o
 .text          0x00000000        0x0 ./src/main.o
 .data          0x00000000        0x0 ./src/main.o
 .bss           0x00000000        0x0 ./src/main.o
 .text.vApplicationTickHook
                0x00000000        0xc ./src/main.o
 .text.vApplicationIdleHook
                0x00000000        0xc ./src/main.o
 .group         0x00000000        0x8 ./libs/misc/src/_sbrk.o
 .group         0x00000000        0x8 ./libs/misc/src/_sbrk.o
[...]
Memory Configuration

Name             Origin             Length             Attributes
RAM              0x20000000         0x00020000         xrw
CCMRAM           0x10000000         0x00010000         xrw
FLASH            0x08000000         0x00100000         xr
FLASHB1          0x00000000         0x00000000         xr
EXTMEMB0         0x00000000         0x00000000         xr
EXTMEMB1         0x00000000         0x00000000         xr
EXTMEMB2         0x00000000         0x00000000         xr
EXTMEMB3         0x00000000         0x00000000         xr
MEMORY_ARRAY     0x20002000         0x00000020         xrw
*default*        0x00000000         0xffffffff

Linker script and memory map

LOAD ./src/main.o
LOAD ./libs/misc/src/_sbrk.o
LOAD ./libs/misc/src/_write.o
LOAD ./libs/misc/src/trace_impl.o
LOAD ./libs/cmsis/src/startup_cm.o
LOAD ./libs/cmsis/src/startup_stm32f4xx.o
LOAD ./libs/cmsis/src/system_stm32f4xx.o
LOAD ./libs/cmsis/src/vectors_stm32f4xx.o
LOAD ./libs/StdPeriph/src/misc.o
LOAD ./libs/StdPeriph/src/stm32f4xx_adc.o
LOAD ./libs/StdPeriph/src/stm32f4xx_can.o
LOAD ./libs/StdPeriph/src/stm32f4xx_crc.o
LOAD ./libs/StdPeriph/src/stm32f4xx_cryp.o
LOAD ./libs/StdPeriph/src/stm32f4xx_cryp_aes.o
LOAD ./libs/StdPeriph/src/stm32f4xx_cryp_des.o
LOAD ./libs/StdPeriph/src/stm32f4xx_cryp_tdes.o
LOAD ./libs/StdPeriph/src/stm32f4xx_dac.o
LOAD ./libs/StdPeriph/src/stm32f4xx_dbgmcu.o
LOAD ./libs/StdPeriph/src/stm32f4xx_dcmi.o
LOAD ./libs/StdPeriph/src/stm32f4xx_dma.o
LOAD ./libs/StdPeriph/src/stm32f4xx_dma2d.o
LOAD ./libs/StdPeriph/src/stm32f4xx_exti.o
LOAD ./libs/StdPeriph/src/stm32f4xx_flash.o
LOAD ./libs/StdPeriph/src/stm32f4xx_fmc.o
LOAD ./libs/StdPeriph/src/stm32f4xx_fsmc.o
LOAD ./libs/StdPeriph/src/stm32f4xx_gpio.o
LOAD ./libs/StdPeriph/src/stm32f4xx_hash.o
LOAD ./libs/StdPeriph/src/stm32f4xx_hash_md5.o
LOAD ./libs/StdPeriph/src/stm32f4xx_hash_sha1.o
LOAD ./libs/StdPeriph/src/stm32f4xx_i2c.o
LOAD ./libs/StdPeriph/src/stm32f4xx_iwdg.o
LOAD ./libs/StdPeriph/src/stm32f4xx_ltdc.o
LOAD ./libs/StdPeriph/src/stm32f4xx_pwr.o
LOAD ./libs/StdPeriph/src/stm32f4xx_rcc.o
LOAD ./libs/StdPeriph/src/stm32f4xx_rng.o
LOAD ./libs/StdPeriph/src/stm32f4xx_rtc.o
LOAD ./libs/StdPeriph/src/stm32f4xx_sai.o
LOAD ./libs/StdPeriph/src/stm32f4xx_sdio.o
LOAD ./libs/StdPeriph/src/stm32f4xx_spi.o
LOAD ./libs/StdPeriph/src/stm32f4xx_syscfg.o
LOAD ./libs/StdPeriph/src/stm32f4xx_tim.o
LOAD ./libs/StdPeriph/src/stm32f4xx_usart.o
LOAD ./libs/StdPeriph/src/stm32f4xx_wwdg.o
LOAD ./libs/FreeRTOS/src/croutine.o
LOAD ./libs/FreeRTOS/src/event_groups.o
LOAD ./libs/FreeRTOS/src/list.o
LOAD ./libs/FreeRTOS/src/queue.o
LOAD ./libs/FreeRTOS/src/tasks.o
LOAD ./libs/FreeRTOS/src/timers.o
LOAD ./libs/FreeRTOS/portable/heap_2.o
LOAD ./libs/FreeRTOS/portable/port.o
START GROUP
LOAD /opt/ARM/bin/../lib/gcc/arm-none-eabi/4.8.4/armv7e-m/softfp/libgcc.a
LOAD /opt/ARM/bin/../lib/gcc/arm-none-eabi/4.8.4/../../../../arm-none-eabi/lib/armv7e-m/softfp/libg.a
LOAD /opt/ARM/bin/../lib/gcc/arm-none-eabi/4.8.4/../../../../arm-none-eabi/lib/armv7e-m/softfp/libc.a
END GROUP
START GROUP
LOAD /opt/ARM/bin/../lib/gcc/arm-none-eabi/4.8.4/armv7e-m/softfp/libgcc.a
LOAD /opt/ARM/bin/../lib/gcc/arm-none-eabi/4.8.4/../../../../arm-none-eabi/lib/armv7e-m/softfp/libg.a
LOAD /opt/ARM/bin/../lib/gcc/arm-none-eabi/4.8.4/../../../../arm-none-eabi/lib/armv7e-m/softfp/libc.a
LOAD /opt/ARM/bin/../lib/gcc/arm-none-eabi/4.8.4/../../../../arm-none-eabi/lib/armv7e-m/softfp/libm.a
LOAD /opt/ARM/bin/../lib/gcc/arm-none-eabi/4.8.4/../../../../arm-none-eabi/lib/armv7e-m/softfp/libnosys.a
END GROUP
                0x20020000                __stack = (ORIGIN (RAM) + 0x20000)
                0x20020000                _estack = __stack
                0x00000400                __Main_Stack_Size = 0x400
                0x00000400                PROVIDE (_Main_Stack_Size, __Main_Stack_Size)
                0x2001fc00                __Main_Stack_Limit = (__stack - __Main_Stack_Size)
                0x2001fc00                PROVIDE (_Main_Stack_Limit, __Main_Stack_Limit)
                0x00000100                _Minimum_Stack_Size = 0x100
                0x200045c8                PROVIDE (_Heap_Begin, _end_noinit)
                0x2001fc00                PROVIDE (_Heap_Limit, (__stack - _Main_Stack_Size))

.isr_vector     0x08000000      0x280
                0x08000000                . = ALIGN (0x4)
 *(.isr_vector)
 .isr_vector    0x08000000      0x188 ./libs/cmsis/src/vectors_stm32f4xx.o
                0x08000000                g_pfnVectors
 *(.after_vectors .after_vectors.*)
 .after_vectors
                0x08000188       0x8c ./libs/cmsis/src/startup_cm.o
                0x08000188                Reset_Handler
                0x080001cc                system_init
 .after_vectors
                0x08000214       0x1c ./libs/cmsis/src/startup_stm32f4xx.o
                0x08000214                fpu_init
 .after_vectors
                0x08000230       0x50 ./libs/cmsis/src/vectors_stm32f4xx.o
                0x08000230                RTC_Alarm_IRQHandler
                0x08000230                HASH_RNG_IRQHandler
                0x08000230                EXTI2_IRQHandler
                0x08000230                TIM8_CC_IRQHandler
                0x08000230                TIM1_CC_IRQHandler
                0x08000230                DMA2_Stream5_IRQHandler
                0x08000230                DMA1_Stream5_IRQHandler
                0x08000230                PVD_IRQHandler
                0x08000230                SDIO_IRQHandler
                0x08000230                TAMP_STAMP_IRQHandler
                0x08000230                CAN2_RX1_IRQHandler
                0x08000230                EXTI3_IRQHandler
                0x08000230                TIM8_TRG_COM_TIM14_IRQHandler
                0x08000230                TIM1_UP_TIM10_IRQHandler
                0x08000230                TIM8_UP_TIM13_IRQHandler
                0x08000230                I2C3_ER_IRQHandler
                0x08000230                EXTI0_IRQHandler
                0x08000230                I2C2_EV_IRQHandler
                0x08000230                DMA1_Stream2_IRQHandler
                0x08000230                CAN1_RX0_IRQHandler
                0x08000230                FPU_IRQHandler
                0x08000230                OTG_HS_WKUP_IRQHandler
                0x08000230                CAN2_SCE_IRQHandler
                0x08000230                DMA2_Stream2_IRQHandler
                0x08000230                SPI1_IRQHandler
                0x08000230                TIM6_DAC_IRQHandler
                0x08000230                TIM1_BRK_TIM9_IRQHandler
                0x08000230                DCMI_IRQHandler
                0x08000230                CAN2_RX0_IRQHandler
                0x08000230                DMA2_Stream3_IRQHandler
                0x08000230                USART6_IRQHandler
                0x08000230                USART3_IRQHandler
                0x08000230                CRYP_IRQHandler
                0x08000230                CAN1_RX1_IRQHandler
                0x08000230                UART5_IRQHandler
                0x08000230                DMA2_Stream0_IRQHandler
                0x08000230                TIM4_IRQHandler
                0x08000230                I2C1_EV_IRQHandler
                0x08000230                DMA1_Stream6_IRQHandler
                0x08000230                DMA1_Stream1_IRQHandler
                0x08000230                UART4_IRQHandler
                0x08000230                TIM3_IRQHandler
                0x08000230                RCC_IRQHandler
                0x08000230                TIM8_BRK_TIM12_IRQHandler
                0x08000230                Default_Handler
                0x08000230                EXTI15_10_IRQHandler
                0x08000230                ADC_IRQHandler
                0x08000230                DMA1_Stream7_IRQHandler
                0x08000230                TIM7_IRQHandler
                0x08000230                CAN2_TX_IRQHandler
                0x08000230                TIM5_IRQHandler
                0x08000230                DMA2_Stream7_IRQHandler
                0x08000230                I2C3_EV_IRQHandler
                0x08000230                EXTI9_5_IRQHandler
                0x08000230                RTC_WKUP_IRQHandler
                0x08000230                ETH_WKUP_IRQHandler
                0x08000230                SPI2_IRQHandler
                0x08000230                OTG_HS_EP1_IN_IRQHandler
                0x08000230                DMA1_Stream0_IRQHandler
                0x08000230                CAN1_TX_IRQHandler
                0x08000230                EXTI4_IRQHandler
                0x08000230                FSMC_IRQHandler
                0x08000230                ETH_IRQHandler
                0x08000230                OTG_HS_EP1_OUT_IRQHandler
                0x08000230                WWDG_IRQHandler
                0x08000230                TIM2_IRQHandler
                0x08000230                OTG_FS_WKUP_IRQHandler
                0x08000230                TIM1_TRG_COM_TIM11_IRQHandler
                0x08000230                OTG_HS_IRQHandler
                0x08000230                EXTI1_IRQHandler
                0x08000230                USART2_IRQHandler
                0x08000230                I2C2_ER_IRQHandler
                0x08000230                DMA2_Stream1_IRQHandler
                0x08000230                CAN1_SCE_IRQHandler
                0x08000230                FLASH_IRQHandler
                0x08000230                DMA2_Stream4_IRQHandler
                0x08000230                OTG_FS_IRQHandler
                0x08000230                SPI3_IRQHandler
                0x08000230                DMA1_Stream4_IRQHandler
                0x08000230                I2C1_ER_IRQHandler
                0x08000230                DMA2_Stream6_IRQHandler
                0x08000230                DMA1_Stream3_IRQHandler
                0x08000238                NMI_Handler
                0x08000240                HardFault_Handler
                0x08000248                MemManage_Handler
                0x08000250                BusFault_Handler
                0x08000258                UsageFault_Handler
                0x08000268                DebugMon_Handler
                0x08000280                . = ALIGN (0x4)

._inits         0x08000280        0x8
                0x08000280                . = ALIGN (0x4)
 *(.init)
 *(.fini)
                0x08000280                . = ALIGN (0x4)
                0x08000280                PROVIDE (__preinit_array_start, .)
 *(.preinit_array_sysinit .preinit_array_sysinit.*)
 .preinit_array_sysinit
                0x08000280        0x4 ./libs/cmsis/src/startup_cm.o
                0x08000280                p_system_init
 *(.preinit_array_platform .preinit_array_platform.*)
 .preinit_array_platform
                0x08000284        0x4 ./libs/cmsis/src/startup_stm32f4xx.o
                0x08000284                p_fpu_init
 *(.preinit_array .preinit_array.*)
                0x08000288                PROVIDE (__preinit_array_end, .)
                0x08000288                . = ALIGN (0x4)
                0x08000288                PROVIDE (__init_array_start, .)
 *(SORT(.init_array.*))
 *(.init_array)
                0x08000288                PROVIDE (__init_array_end, .)
                0x08000288                . = ALIGN (0x4)
                0x08000288                PROVIDE (__fini_array_start, .)
 *(SORT(.fini_array.*))
 *(.fini_array)
                0x08000288                PROVIDE (__fini_array_end, .)
                0x08000288                . = ALIGN (0x4)

.flashtext      0x08000288        0x0
                0x08000288                . = ALIGN (0x4)
 *(.flashtext .flashtext.*)
                0x08000288                . = ALIGN (0x4)

.text           0x08000288     0x30b8
                0x08000288                . = ALIGN (0x4)
 *(.text .text.*)
 .text.vTaskA   0x08000288       0x24 ./src/main.o
                0x08000288                vTaskA
 .text.vTaskB   0x080002ac       0x24 ./src/main.o
                0x080002ac                vTaskB
 .text.vTaskC   0x080002d0       0x40 ./src/main.o
                0x080002d0                vTaskC
 .text.vTaskD   0x08000310       0x3c ./src/main.o
                0x08000310                vTaskD
 .text.vTaskE   0x0800034c       0x2c ./src/main.o
                0x0800034c                vTaskE
 .text.vTaskF   0x08000378       0x34 ./src/main.o
                0x08000378                vTaskF
 .text.main     0x080003ac      0x158 ./src/main.o
                0x080003ac                main
 .text.USART1_IRQHandler
                0x08000504       0x34 ./src/main.o
                0x08000504                USART1_IRQHandler
 .text.USART_puts
                0x08000538       0x48 ./src/main.o
                0x08000538                USART_puts
 .text.USART_init
                0x08000580       0xac ./src/main.o
                0x08000580                USART_init
 .text.GPIO_init
                0x0800062c       0x48 ./src/main.o
                0x0800062c                GPIO_init
 .text.vApplicationStackOverflowHook
                0x08000674       0x10 ./src/main.o
                0x08000674                vApplicationStackOverflowHook
 .text.vApplicationMallocFailedHook
                0x08000684        0xc ./src/main.o
                0x08000684                vApplicationMallocFailedHook
 .text.__libc_init_array
                0x08000690       0x6c ./libs/cmsis/src/startup_cm.o
                0x08000690                __libc_init_array
 .text.__libc_fini_array
                0x080006fc       0x3c ./libs/cmsis/src/startup_cm.o
                0x080006fc                __libc_fini_array
 .text._exit    0x08000738        0xc ./libs/cmsis/src/startup_stm32f4xx.o
                0x08000738                _exit
 .text.SystemInit
                0x08000744       0x68 ./libs/cmsis/src/system_stm32f4xx.o
                0x08000744                SystemInit
 .text.SetSysClock
                0x080007ac       0xf4 ./libs/cmsis/src/system_stm32f4xx.o
 .text.NVIC_Init
                0x080008a0       0xbc ./libs/StdPeriph/src/misc.o
                0x080008a0                NVIC_Init
 .text.GPIO_Init
                0x0800095c      0x11c ./libs/StdPeriph/src/stm32f4xx_gpio.o
                0x0800095c                GPIO_Init
 .text.GPIO_WriteBit
                0x08000a78       0x30 ./libs/StdPeriph/src/stm32f4xx_gpio.o
                0x08000a78                GPIO_WriteBit
 .text.GPIO_ToggleBits
                0x08000aa8       0x24 ./libs/StdPeriph/src/stm32f4xx_gpio.o
                0x08000aa8                GPIO_ToggleBits
 .text.GPIO_PinAFConfig
                0x08000acc       0x8c ./libs/StdPeriph/src/stm32f4xx_gpio.o
                0x08000acc                GPIO_PinAFConfig
 .text.RCC_GetClocksFreq
                0x08000b58      0x154 ./libs/StdPeriph/src/stm32f4xx_rcc.o
                0x08000b58                RCC_GetClocksFreq
 .text.RCC_AHB1PeriphClockCmd
                0x08000cac       0x3c ./libs/StdPeriph/src/stm32f4xx_rcc.o
                0x08000cac                RCC_AHB1PeriphClockCmd
 .text.RCC_APB2PeriphClockCmd
                0x08000ce8       0x3c ./libs/StdPeriph/src/stm32f4xx_rcc.o
                0x08000ce8                RCC_APB2PeriphClockCmd
 .text.USART_Init
                0x08000d24      0x174 ./libs/StdPeriph/src/stm32f4xx_usart.o
                0x08000d24                USART_Init
 .text.USART_Cmd
                0x08000e98       0x40 ./libs/StdPeriph/src/stm32f4xx_usart.o
                0x08000e98                USART_Cmd
 .text.USART_SendData
                0x08000ed8       0x24 ./libs/StdPeriph/src/stm32f4xx_usart.o
                0x08000ed8                USART_SendData
 .text.USART_ITConfig
                0x08000efc       0x90 ./libs/StdPeriph/src/stm32f4xx_usart.o
                0x08000efc                USART_ITConfig
 .text.USART_GetITStatus
                0x08000f8c       0xb0 ./libs/StdPeriph/src/stm32f4xx_usart.o
                0x08000f8c                USART_GetITStatus
 .text.vListInitialise
                0x0800103c       0x40 ./libs/FreeRTOS/src/list.o
                0x0800103c                vListInitialise
 .text.vListInitialiseItem
                0x0800107c       0x18 ./libs/FreeRTOS/src/list.o
                0x0800107c                vListInitialiseItem
 .text.vListInsertEnd
                0x08001094       0x48 ./libs/FreeRTOS/src/list.o
                0x08001094                vListInsertEnd
 .text.vListInsert
                0x080010dc       0x70 ./libs/FreeRTOS/src/list.o
                0x080010dc                vListInsert
 .text.uxListRemove
                0x0800114c       0x54 ./libs/FreeRTOS/src/list.o
                0x0800114c                uxListRemove
 .text.xQueueGenericReset
                0x080011a0       0xb0 ./libs/FreeRTOS/src/queue.o
                0x080011a0                xQueueGenericReset
 .text.xQueueGenericCreate
                0x08001250       0x84 ./libs/FreeRTOS/src/queue.o
                0x08001250                xQueueGenericCreate
 .text.xQueueGenericSend
                0x080012d4      0x180 ./libs/FreeRTOS/src/queue.o
                0x080012d4                xQueueGenericSend
 .text.xQueueGenericSendFromISR
                0x08001454       0xd4 ./libs/FreeRTOS/src/queue.o
                0x08001454                xQueueGenericSendFromISR
 .text.xQueueGenericReceive
                0x08001528      0x1bc ./libs/FreeRTOS/src/queue.o
                0x08001528                xQueueGenericReceive
 .text.prvCopyDataToQueue
                0x080016e4       0xd0 ./libs/FreeRTOS/src/queue.o
 .text.prvCopyDataFromQueue
                0x080017b4       0x4c ./libs/FreeRTOS/src/queue.o
 .text.prvUnlockQueue
                0x08001800       0x98 ./libs/FreeRTOS/src/queue.o
 .text.prvIsQueueEmpty
                0x08001898       0x2c ./libs/FreeRTOS/src/queue.o
 .text.prvIsQueueFull
                0x080018c4       0x30 ./libs/FreeRTOS/src/queue.o
 .text.vQueueAddToRegistry
                0x080018f4       0x50 ./libs/FreeRTOS/src/queue.o
                0x080018f4                vQueueAddToRegistry
 .text.vQueueWaitForMessageRestricted
                0x08001944       0x58 ./libs/FreeRTOS/src/queue.o
                0x08001944                vQueueWaitForMessageRestricted
 .text.xTaskGenericCreate
                0x0800199c      0x168 ./libs/FreeRTOS/src/tasks.o
                0x0800199c                xTaskGenericCreate
 .text.vTaskDelay
                0x08001b04       0x64 ./libs/FreeRTOS/src/tasks.o
                0x08001b04                vTaskDelay
 .text.vTaskStartScheduler
                0x08001b68       0x70 ./libs/FreeRTOS/src/tasks.o
                0x08001b68                vTaskStartScheduler
 .text.vTaskSuspendAll
                0x08001bd8       0x1c ./libs/FreeRTOS/src/tasks.o
                0x08001bd8                vTaskSuspendAll
 .text.xTaskResumeAll
                0x08001bf4      0x10c ./libs/FreeRTOS/src/tasks.o
                0x08001bf4                xTaskResumeAll
 .text.xTaskGetTickCount
                0x08001d00       0x24 ./libs/FreeRTOS/src/tasks.o
                0x08001d00                xTaskGetTickCount
 .text.xTaskIncrementTick
                0x08001d24      0x170 ./libs/FreeRTOS/src/tasks.o
                0x08001d24                xTaskIncrementTick
 .text.vTaskSwitchContext
                0x08001e94       0xf4 ./libs/FreeRTOS/src/tasks.o
                0x08001e94                vTaskSwitchContext
 .text.vTaskPlaceOnEventList
                0x08001f88       0x6c ./libs/FreeRTOS/src/tasks.o
                0x08001f88                vTaskPlaceOnEventList
 .text.vTaskPlaceOnEventListRestricted
                0x08001ff4       0x50 ./libs/FreeRTOS/src/tasks.o
                0x08001ff4                vTaskPlaceOnEventListRestricted
 .text.xTaskRemoveFromEventList
                0x08002044       0xb8 ./libs/FreeRTOS/src/tasks.o
                0x08002044                xTaskRemoveFromEventList
 .text.vTaskSetTimeOutState
                0x080020fc       0x34 ./libs/FreeRTOS/src/tasks.o
                0x080020fc                vTaskSetTimeOutState
 .text.xTaskCheckForTimeOut
                0x08002130       0xa0 ./libs/FreeRTOS/src/tasks.o
                0x08002130                xTaskCheckForTimeOut
 .text.vTaskMissedYield
                0x080021d0       0x18 ./libs/FreeRTOS/src/tasks.o
                0x080021d0                vTaskMissedYield
 .text.prvIdleTask
                0x080021e8       0x20 ./libs/FreeRTOS/src/tasks.o
 .text.prvInitialiseTCBVariables
                0x08002208       0x90 ./libs/FreeRTOS/src/tasks.o
 .text.prvInitialiseTaskLists
                0x08002298       0x7c ./libs/FreeRTOS/src/tasks.o
 .text.prvCheckTasksWaitingTermination
                0x08002314       0x74 ./libs/FreeRTOS/src/tasks.o
 .text.prvAddCurrentTaskToDelayedList
                0x08002388       0x6c ./libs/FreeRTOS/src/tasks.o
 .text.prvAllocateTCBAndStack
                0x080023f4       0x64 ./libs/FreeRTOS/src/tasks.o
 .text.prvDeleteTCB
                0x08002458       0x20 ./libs/FreeRTOS/src/tasks.o
 .text.prvResetNextTaskUnblockTime
                0x08002478       0x48 ./libs/FreeRTOS/src/tasks.o
 .text.xTaskGetCurrentTaskHandle
                0x080024c0       0x20 ./libs/FreeRTOS/src/tasks.o
                0x080024c0                xTaskGetCurrentTaskHandle
 .text.xTaskGetSchedulerState
                0x080024e0       0x3c ./libs/FreeRTOS/src/tasks.o
                0x080024e0                xTaskGetSchedulerState
 .text.vTaskPriorityInherit
                0x0800251c       0xbc ./libs/FreeRTOS/src/tasks.o
                0x0800251c                vTaskPriorityInherit
 .text.vTaskPriorityDisinherit
                0x080025d8       0x84 ./libs/FreeRTOS/src/tasks.o
                0x080025d8                vTaskPriorityDisinherit
 .text.xTimerCreateTimerTask
                0x0800265c       0x58 ./libs/FreeRTOS/src/timers.o
                0x0800265c                xTimerCreateTimerTask
 .text.xTimerGenericCommand
                0x080026b4       0x8c ./libs/FreeRTOS/src/timers.o
                0x080026b4                xTimerGenericCommand
 .text.prvProcessExpiredTimer
                0x08002740       0x70 ./libs/FreeRTOS/src/timers.o
 .text.prvTimerTask
                0x080027b0       0x24 ./libs/FreeRTOS/src/timers.o
 .text.prvProcessTimerOrBlockTask
                0x080027d4       0x6c ./libs/FreeRTOS/src/timers.o
 .text.prvGetNextExpireTime
                0x08002840       0x48 ./libs/FreeRTOS/src/timers.o
 .text.prvSampleTimeNow
                0x08002888       0x40 ./libs/FreeRTOS/src/timers.o
 .text.prvInsertTimerInActiveList
                0x080028c8       0x84 ./libs/FreeRTOS/src/timers.o
 .text.prvProcessReceivedCommands
                0x0800294c       0xf8 ./libs/FreeRTOS/src/timers.o
 .text.prvSwitchTimerLists
                0x08002a44       0xb0 ./libs/FreeRTOS/src/timers.o
 .text.prvCheckForValidListAndQueue
                0x08002af4       0x78 ./libs/FreeRTOS/src/timers.o
 .text.pvPortMalloc
                0x08002b6c      0x124 ./libs/FreeRTOS/portable/heap_2.o
                0x08002b6c                pvPortMalloc
 .text.vPortFree
                0x08002c90       0x70 ./libs/FreeRTOS/portable/heap_2.o
                0x08002c90                vPortFree
 .text.prvHeapInit
                0x08002d00       0x50 ./libs/FreeRTOS/portable/heap_2.o
 .text.pxPortInitialiseStack
                0x08002d50       0x64 ./libs/FreeRTOS/portable/port.o
                0x08002d50                pxPortInitialiseStack
 .text.prvTaskExitError
                0x08002db4       0x20 ./libs/FreeRTOS/portable/port.o
 .text.SVC_Handler
                0x08002dd4       0x20 ./libs/FreeRTOS/portable/port.o
                0x08002dd4                SVC_Handler
 .text.prvPortStartFirstTask
                0x08002df4       0x1c ./libs/FreeRTOS/portable/port.o
 .text.xPortStartScheduler
                0x08002e10       0xd0 ./libs/FreeRTOS/portable/port.o
                0x08002e10                xPortStartScheduler
 .text.vPortYield
                0x08002ee0       0x20 ./libs/FreeRTOS/portable/port.o
                0x08002ee0                vPortYield
 .text.vPortEnterCritical
                0x08002f00       0x20 ./libs/FreeRTOS/portable/port.o
                0x08002f00                vPortEnterCritical
 .text.vPortExitCritical
                0x08002f20       0x30 ./libs/FreeRTOS/portable/port.o
                0x08002f20                vPortExitCritical
 .text.ulPortSetInterruptMask
                0x08002f50       0x14 ./libs/FreeRTOS/portable/port.o
                0x08002f50                ulPortSetInterruptMask
 .text.vPortClearInterruptMask
                0x08002f64        0x8 ./libs/FreeRTOS/portable/port.o
                0x08002f64                vPortClearInterruptMask
 .text.PendSV_Handler
                0x08002f6c       0x58 ./libs/FreeRTOS/portable/port.o
                0x08002f6c                PendSV_Handler
 .text.SysTick_Handler
                0x08002fc4       0x28 ./libs/FreeRTOS/portable/port.o
                0x08002fc4                SysTick_Handler
 .text.vPortSetupTimerInterrupt
                0x08002fec       0x24 ./libs/FreeRTOS/portable/port.o
                0x08002fec                vPortSetupTimerInterrupt
 .text.vPortEnableVFP
                0x08003010       0x14 ./libs/FreeRTOS/portable/port.o
 .text.vPortValidateInterruptPriority
                0x08003024       0x58 ./libs/FreeRTOS/portable/port.o
                0x08003024                vPortValidateInterruptPriority
 .text.memcmp   0x0800307c       0x68 /opt/ARM/bin/../lib/gcc/arm-none-eabi/4.8.4/../../../../arm-none-eabi/lib/armv7e-m/softfp/libg.a(lib_a-memcmp.o)
                0x0800307c                memcmp
 .text          0x080030e4      0x134 /opt/ARM/bin/../lib/gcc/arm-none-eabi/4.8.4/../../../../arm-none-eabi/lib/armv7e-m/softfp/libg.a(lib_a-memcpy.o)
                0x080030e4                memcpy
 .text.memset   0x08003218       0x94 /opt/ARM/bin/../lib/gcc/arm-none-eabi/4.8.4/../../../../arm-none-eabi/lib/armv7e-m/softfp/libg.a(lib_a-memset.o)
                0x08003218                memset
 *(.rodata .rodata.*)
 .rodata        0x080032ac       0x68 ./src/main.o
 .rodata        0x08003314        0x8 ./libs/FreeRTOS/src/tasks.o
 .rodata.ucExpectedStackBytes.5294
                0x0800331c       0x14 ./libs/FreeRTOS/src/tasks.o
 .rodata        0x08003330       0x10 ./libs/FreeRTOS/src/timers.o
 *(.eh_frame*)
 *(.glue_7)
 .glue_7        0x00000000        0x0 linker stubs
 *(.glue_7t)
 .glue_7t       0x00000000        0x0 linker stubs

.vfp11_veneer   0x08003340        0x0
 .vfp11_veneer  0x00000000        0x0 linker stubs

.v4_bx          0x08003340        0x0
 .v4_bx         0x00000000        0x0 linker stubs

.iplt           0x08003340        0x0
 .iplt          0x00000000        0x0 ./src/main.o

.rel.dyn        0x08003340        0x0
 .rel.iplt      0x00000000        0x0 ./src/main.o

.ARM.extab
 *(.ARM.extab* .gnu.linkonce.armextab.*)
                0x08003340                __exidx_start = .

.ARM.exidx
 *(.ARM.exidx* .gnu.linkonce.armexidx.*)
                0x08003340                __exidx_end = .
                0x08003340                . = ALIGN (0x4)
                0x08003340                _etext = .
                0x08003340                _sidata = _etext

.ROarraySection
 *(.ROarraySection .ROarraySection.*)

.data           0x20000000       0x1c load address 0x08003340
                0x20000000                . = ALIGN (0x4)
                0x20000000                _sdata = .
                0x20000000                __data_start__ = .
 *(vtable)
 *(.data .data.*)
 .data.APBAHBPrescTable
                0x20000000       0x10 ./libs/StdPeriph/src/stm32f4xx_rcc.o
 .data.xNextTaskUnblockTime
                0x20000010        0x4 ./libs/FreeRTOS/src/tasks.o
 .data.xFreeBytesRemaining
                0x20000014        0x4 ./libs/FreeRTOS/portable/heap_2.o
 .data.uxCriticalNesting
                0x20000018        0x4 ./libs/FreeRTOS/portable/port.o
                0x2000001c                . = ALIGN (0x4)
                0x2000001c                _edata = .
                0x2000001c                __data_end__ = .

.igot.plt       0x2000001c        0x0 load address 0x0800335c
 .igot.plt      0x00000000        0x0 ./src/main.o

.bss            0x2000001c     0x45ac load address 0x0800335c
                0x2000001c                . = ALIGN (0x4)
                0x2000001c                __bss_start__ = .
                0x2000001c                _sbss = .
 *(.bss .bss.*)
 .bss.pxCurrentTCB
                0x2000001c        0x4 ./libs/FreeRTOS/src/tasks.o
                0x2000001c                pxCurrentTCB
 .bss.pxReadyTasksLists
                0x20000020       0x64 ./libs/FreeRTOS/src/tasks.o
 .bss.xDelayedTaskList1
                0x20000084       0x14 ./libs/FreeRTOS/src/tasks.o
 .bss.xDelayedTaskList2
                0x20000098       0x14 ./libs/FreeRTOS/src/tasks.o
 .bss.pxDelayedTaskList
                0x200000ac        0x4 ./libs/FreeRTOS/src/tasks.o
 .bss.pxOverflowDelayedTaskList
                0x200000b0        0x4 ./libs/FreeRTOS/src/tasks.o
 .bss.xPendingReadyList
                0x200000b4       0x14 ./libs/FreeRTOS/src/tasks.o
 .bss.xTasksWaitingTermination
                0x200000c8       0x14 ./libs/FreeRTOS/src/tasks.o
 .bss.uxTasksDeleted
                0x200000dc        0x4 ./libs/FreeRTOS/src/tasks.o
 .bss.xSuspendedTaskList
                0x200000e0       0x14 ./libs/FreeRTOS/src/tasks.o
 .bss.uxCurrentNumberOfTasks
                0x200000f4        0x4 ./libs/FreeRTOS/src/tasks.o
 .bss.xTickCount
                0x200000f8        0x4 ./libs/FreeRTOS/src/tasks.o
 .bss.uxTopReadyPriority
                0x200000fc        0x4 ./libs/FreeRTOS/src/tasks.o
 .bss.xSchedulerRunning
                0x20000100        0x4 ./libs/FreeRTOS/src/tasks.o
 .bss.uxSchedulerSuspended
                0x20000104        0x4 ./libs/FreeRTOS/src/tasks.o
 .bss.uxPendedTicks
                0x20000108        0x4 ./libs/FreeRTOS/src/tasks.o
 .bss.xYieldPending
                0x2000010c        0x4 ./libs/FreeRTOS/src/tasks.o
 .bss.xNumOfOverflows
                0x20000110        0x4 ./libs/FreeRTOS/src/tasks.o
 .bss.uxTaskNumber
                0x20000114        0x4 ./libs/FreeRTOS/src/tasks.o
 .bss.xActiveTimerList1
                0x20000118       0x14 ./libs/FreeRTOS/src/timers.o
 .bss.xActiveTimerList2
                0x2000012c       0x14 ./libs/FreeRTOS/src/timers.o
 .bss.pxCurrentTimerList
                0x20000140        0x4 ./libs/FreeRTOS/src/timers.o
 .bss.pxOverflowTimerList
                0x20000144        0x4 ./libs/FreeRTOS/src/timers.o
 .bss.xTimerQueue
                0x20000148        0x4 ./libs/FreeRTOS/src/timers.o
 .bss.xLastTime.5133
                0x2000014c        0x4 ./libs/FreeRTOS/src/timers.o
 .bss.ucHeap    0x20000150     0x4400 ./libs/FreeRTOS/portable/heap_2.o
 .bss.xStart    0x20004550        0x8 ./libs/FreeRTOS/portable/heap_2.o
 .bss.xEnd      0x20004558        0x8 ./libs/FreeRTOS/portable/heap_2.o
 .bss.xHeapHasBeenInitialised.4908
                0x20004560        0x4 ./libs/FreeRTOS/portable/heap_2.o
 .bss.ucMaxSysCallPriority
                0x20004564        0x1 ./libs/FreeRTOS/portable/port.o
 *fill*         0x20004565        0x3 
 .bss.ulMaxPRIGROUPValue
                0x20004568        0x4 ./libs/FreeRTOS/portable/port.o
 *(COMMON)
 COMMON         0x2000456c       0x1c ./src/main.o
                0x2000456c                textQueue
                0x20004570                str_value
                0x20004584                myQueue
 COMMON         0x20004588       0x40 ./libs/FreeRTOS/src/queue.o
                0x20004588                xQueueRegistry
                0x200045c8                . = ALIGN (0x4)
                0x200045c8                __bss_end__ = .
                0x200045c8                _ebss = .

.noinit         0x200045c8        0x0
                0x200045c8                . = ALIGN (0x4)
                0x200045c8                _noinit = .
 *(.noinit .noinit.*)
                0x200045c8                . = ALIGN (0x4)
                0x200045c8                _end_noinit = .
                0x200045c8                PROVIDE (end, _end_noinit)
                0x200045c8                PROVIDE (_end, _end_noinit)

._check_stack   0x200045c8      0x100 load address 0x08007908
                0x200045c8                . = ALIGN (0x4)
                0x200046c8                . = (. + _Minimum_Stack_Size)
 *fill*         0x200045c8      0x100 
                0x200046c8                . = ALIGN (0x4)

.bss_CCMRAM
 *(.bss.CCMRAM .bss.CCMRAM.*)

.b1text
 *(.b1text)
 *(.b1rodata)
 *(.b1rodata.*)

.eb0text
 *(.eb0text)
 *(.eb0rodata)
 *(.eb0rodata.*)

.eb1text
 *(.eb1text)
 *(.eb1rodata)
 *(.eb1rodata.*)

.eb2text
 *(.eb2text)
 *(.eb2rodata)
 *(.eb2rodata.*)

.eb3text
 *(.eb3text)
 *(.eb3rodata)
 *(.eb3rodata.*)

.stab
 *(.stab)

.stabstr
 *(.stabstr)

.stab.excl
 *(.stab.excl)

.stab.exclstr
 *(.stab.exclstr)

.stab.index
 *(.stab.index)

.stab.indexstr
 *(.stab.indexstr)

.comment        0x00000000       0x70
 *(.comment)
 .comment       0x00000000       0x70 ./src/main.o
                                 0x71 (size before relaxing)
 .comment       0x00000000       0x71 ./libs/cmsis/src/startup_cm.o
 .comment       0x00000000       0x71 ./libs/cmsis/src/startup_stm32f4xx.o
 .comment       0x00000000       0x71 ./libs/cmsis/src/system_stm32f4xx.o
 .comment       0x00000000       0x71 ./libs/cmsis/src/vectors_stm32f4xx.o
 .comment       0x00000000       0x71 ./libs/StdPeriph/src/misc.o
 .comment       0x00000000       0x71 ./libs/StdPeriph/src/stm32f4xx_gpio.o
 .comment       0x00000000       0x71 ./libs/StdPeriph/src/stm32f4xx_rcc.o
 .comment       0x00000000       0x71 ./libs/StdPeriph/src/stm32f4xx_usart.o
 .comment       0x00000000       0x71 ./libs/FreeRTOS/src/list.o
 .comment       0x00000000       0x71 ./libs/FreeRTOS/src/queue.o
 .comment       0x00000000       0x71 ./libs/FreeRTOS/src/tasks.o
 .comment       0x00000000       0x71 ./libs/FreeRTOS/src/timers.o
 .comment       0x00000000       0x71 ./libs/FreeRTOS/portable/heap_2.o
 .comment       0x00000000       0x71 ./libs/FreeRTOS/portable/port.o

.ARM.attributes
                0x00000000       0x35
 .ARM.attributes
                0x00000000       0x37 ./src/main.o
 .ARM.attributes
                0x00000037       0x37 ./libs/cmsis/src/startup_cm.o
 .ARM.attributes
                0x0000006e       0x37 ./libs/cmsis/src/startup_stm32f4xx.o
 .ARM.attributes
                0x000000a5       0x37 ./libs/cmsis/src/system_stm32f4xx.o
 .ARM.attributes
                0x000000dc       0x37 ./libs/cmsis/src/vectors_stm32f4xx.o
 .ARM.attributes
                0x00000113       0x37 ./libs/StdPeriph/src/misc.o
 .ARM.attributes
                0x0000014a       0x37 ./libs/StdPeriph/src/stm32f4xx_gpio.o
 .ARM.attributes
                0x00000181       0x37 ./libs/StdPeriph/src/stm32f4xx_rcc.o
 .ARM.attributes
                0x000001b8       0x37 ./libs/StdPeriph/src/stm32f4xx_usart.o
 .ARM.attributes
                0x000001ef       0x37 ./libs/FreeRTOS/src/list.o
 .ARM.attributes
                0x00000226       0x37 ./libs/FreeRTOS/src/queue.o
 .ARM.attributes
                0x0000025d       0x37 ./libs/FreeRTOS/src/tasks.o
 .ARM.attributes
                0x00000294       0x37 ./libs/FreeRTOS/src/timers.o
 .ARM.attributes
                0x000002cb       0x37 ./libs/FreeRTOS/portable/heap_2.o
 .ARM.attributes
                0x00000302       0x37 ./libs/FreeRTOS/portable/port.o
 .ARM.attributes
                0x00000339       0x32 /opt/ARM/bin/../lib/gcc/arm-none-eabi/4.8.4/../../../../arm-none-eabi/lib/armv7e-m/softfp/libg.a(lib_a-memcmp.o)
 .ARM.attributes
                0x0000036b       0x20 /opt/ARM/bin/../lib/gcc/arm-none-eabi/4.8.4/../../../../arm-none-eabi/lib/armv7e-m/softfp/libg.a(lib_a-memcpy.o)
 .ARM.attributes
                0x0000038b       0x32 /opt/ARM/bin/../lib/gcc/arm-none-eabi/4.8.4/../../../../arm-none-eabi/lib/armv7e-m/softfp/libg.a(lib_a-memset.o)

.debug
 *(.debug)

.line
 *(.line)

.debug_srcinfo
 *(.debug_srcinfo)

.debug_sfnames
 *(.debug_sfnames)

.debug_aranges  0x00000000      0x920
 *(.debug_aranges)
 .debug_aranges
                0x00000000       0x90 ./src/main.o
 .debug_aranges
                0x00000090       0x38 ./libs/cmsis/src/startup_cm.o
 .debug_aranges
                0x000000c8       0x28 ./libs/cmsis/src/startup_stm32f4xx.o
 .debug_aranges
                0x000000f0       0x30 ./libs/cmsis/src/system_stm32f4xx.o
 .debug_aranges
                0x00000120       0x68 ./libs/cmsis/src/vectors_stm32f4xx.o
 .debug_aranges
                0x00000188       0x40 ./libs/StdPeriph/src/misc.o
 .debug_aranges
                0x000001c8       0x88 ./libs/StdPeriph/src/stm32f4xx_gpio.o
 .debug_aranges
                0x00000250      0x1b8 ./libs/StdPeriph/src/stm32f4xx_rcc.o
 .debug_aranges
                0x00000408      0x100 ./libs/StdPeriph/src/stm32f4xx_usart.o
 .debug_aranges
                0x00000508       0x40 ./libs/FreeRTOS/src/list.o
 .debug_aranges
                0x00000548       0xf8 ./libs/FreeRTOS/src/queue.o
 .debug_aranges
                0x00000640      0x180 ./libs/FreeRTOS/src/tasks.o
 .debug_aranges
                0x000007c0       0x88 ./libs/FreeRTOS/src/timers.o
 .debug_aranges
                0x00000848       0x40 ./libs/FreeRTOS/portable/heap_2.o
 .debug_aranges
                0x00000888       0x98 ./libs/FreeRTOS/portable/port.o

.debug_pubnames
 *(.debug_pubnames)

.debug_info     0x00000000     0x6508
 *(.debug_info .gnu.linkonce.wi.*)
 .debug_info    0x00000000      0x943 ./src/main.o
 .debug_info    0x00000943      0x29c ./libs/cmsis/src/startup_cm.o
 .debug_info    0x00000bdf       0xe4 ./libs/cmsis/src/startup_stm32f4xx.o
 .debug_info    0x00000cc3      0x5c4 ./libs/cmsis/src/system_stm32f4xx.o
 .debug_info    0x00001287      0x135 ./libs/cmsis/src/vectors_stm32f4xx.o
 .debug_info    0x000013bc      0x545 ./libs/StdPeriph/src/misc.o
 .debug_info    0x00001901      0x60d ./libs/StdPeriph/src/stm32f4xx_gpio.o
 .debug_info    0x00001f0e      0xe0a ./libs/StdPeriph/src/stm32f4xx_rcc.o
 .debug_info    0x00002d18      0x9ca ./libs/StdPeriph/src/stm32f4xx_usart.o
 .debug_info    0x000036e2      0x2a8 ./libs/FreeRTOS/src/list.o
 .debug_info    0x0000398a      0xb9a ./libs/FreeRTOS/src/queue.o
 .debug_info    0x00004524     0x11e2 ./libs/FreeRTOS/src/tasks.o
 .debug_info    0x00005706      0x7ac ./libs/FreeRTOS/src/timers.o
 .debug_info    0x00005eb2      0x2fa ./libs/FreeRTOS/portable/heap_2.o
 .debug_info    0x000061ac      0x35c ./libs/FreeRTOS/portable/port.o

.debug_abbrev   0x00000000     0x14af
 *(.debug_abbrev)
 .debug_abbrev  0x00000000      0x1b4 ./src/main.o
 .debug_abbrev  0x000001b4      0x128 ./libs/cmsis/src/startup_cm.o
 .debug_abbrev  0x000002dc       0xa9 ./libs/cmsis/src/startup_stm32f4xx.o
 .debug_abbrev  0x00000385      0x13b ./libs/cmsis/src/system_stm32f4xx.o
 .debug_abbrev  0x000004c0       0x92 ./libs/cmsis/src/vectors_stm32f4xx.o
 .debug_abbrev  0x00000552      0x14a ./libs/StdPeriph/src/misc.o
 .debug_abbrev  0x0000069c      0x1a8 ./libs/StdPeriph/src/stm32f4xx_gpio.o
 .debug_abbrev  0x00000844      0x1bf ./libs/StdPeriph/src/stm32f4xx_rcc.o
 .debug_abbrev  0x00000a03      0x15a ./libs/StdPeriph/src/stm32f4xx_usart.o
 .debug_abbrev  0x00000b5d       0xc1 ./libs/FreeRTOS/src/list.o
 .debug_abbrev  0x00000c1e      0x1cc ./libs/FreeRTOS/src/queue.o
 .debug_abbrev  0x00000dea      0x229 ./libs/FreeRTOS/src/tasks.o
 .debug_abbrev  0x00001013      0x18b ./libs/FreeRTOS/src/timers.o
 .debug_abbrev  0x0000119e      0x171 ./libs/FreeRTOS/portable/heap_2.o
 .debug_abbrev  0x0000130f      0x1a0 ./libs/FreeRTOS/portable/port.o

.debug_line     0x00000000     0x4bad
 *(.debug_line)
 .debug_line    0x00000000      0x6a7 ./src/main.o
 .debug_line    0x000006a7      0x1f0 ./libs/cmsis/src/startup_cm.o
 .debug_line    0x00000897      0x3e1 ./libs/cmsis/src/startup_stm32f4xx.o
 .debug_line    0x00000c78      0x43f ./libs/cmsis/src/system_stm32f4xx.o
 .debug_line    0x000010b7       0x93 ./libs/cmsis/src/vectors_stm32f4xx.o
 .debug_line    0x0000114a      0x41d ./libs/StdPeriph/src/misc.o
 .debug_line    0x00001567      0x513 ./libs/StdPeriph/src/stm32f4xx_gpio.o
 .debug_line    0x00001a7a      0x810 ./libs/StdPeriph/src/stm32f4xx_rcc.o
 .debug_line    0x0000228a      0x662 ./libs/StdPeriph/src/stm32f4xx_usart.o
 .debug_line    0x000028ec      0x2b7 ./libs/FreeRTOS/src/list.o
 .debug_line    0x00002ba3      0x801 ./libs/FreeRTOS/src/queue.o
 .debug_line    0x000033a4      0xad7 ./libs/FreeRTOS/src/tasks.o
 .debug_line    0x00003e7b      0x442 ./libs/FreeRTOS/src/timers.o
 .debug_line    0x000042bd      0x303 ./libs/FreeRTOS/portable/heap_2.o
 .debug_line    0x000045c0      0x5ed ./libs/FreeRTOS/portable/port.o

.debug_frame    0x00000000     0x1d1c
 *(.debug_frame)
 .debug_frame   0x00000000      0x1e0 ./src/main.o
 .debug_frame   0x000001e0       0x90 ./libs/cmsis/src/startup_cm.o
 .debug_frame   0x00000270       0x44 ./libs/cmsis/src/startup_stm32f4xx.o
 .debug_frame   0x000002b4       0x64 ./libs/cmsis/src/system_stm32f4xx.o
 .debug_frame   0x00000318      0x100 ./libs/cmsis/src/vectors_stm32f4xx.o
 .debug_frame   0x00000418       0x9c ./libs/StdPeriph/src/misc.o
 .debug_frame   0x000004b4      0x19c ./libs/StdPeriph/src/stm32f4xx_gpio.o
 .debug_frame   0x00000650      0x5b8 ./libs/StdPeriph/src/stm32f4xx_rcc.o
 .debug_frame   0x00000c08      0x344 ./libs/StdPeriph/src/stm32f4xx_usart.o
 .debug_frame   0x00000f4c       0x9c ./libs/FreeRTOS/src/list.o
 .debug_frame   0x00000fe8      0x37c ./libs/FreeRTOS/src/queue.o
 .debug_frame   0x00001364      0x578 ./libs/FreeRTOS/src/tasks.o
 .debug_frame   0x000018dc      0x1c4 ./libs/FreeRTOS/src/timers.o
 .debug_frame   0x00001aa0       0x9c ./libs/FreeRTOS/portable/heap_2.o
 .debug_frame   0x00001b3c      0x188 ./libs/FreeRTOS/portable/port.o
 .debug_frame   0x00001cc4       0x2c /opt/ARM/bin/../lib/gcc/arm-none-eabi/4.8.4/../../../../arm-none-eabi/lib/armv7e-m/softfp/libg.a(lib_a-memcmp.o)
 .debug_frame   0x00001cf0       0x2c /opt/ARM/bin/../lib/gcc/arm-none-eabi/4.8.4/../../../../arm-none-eabi/lib/armv7e-m/softfp/libg.a(lib_a-memset.o)

.debug_str      0x00000000    0x68970
 *(.debug_str)
 .debug_str     0x00000000    0x633b2 ./src/main.o
                              0x63625 (size before relaxing)
 .debug_str     0x000633b2      0x139 ./libs/cmsis/src/startup_cm.o
                               0x351b (size before relaxing)
 .debug_str     0x000634eb       0x37 ./libs/cmsis/src/startup_stm32f4xx.o
                              0x5d354 (size before relaxing)
 .debug_str     0x00063522      0x226 ./libs/cmsis/src/system_stm32f4xx.o
                              0x5d5d8 (size before relaxing)
 .debug_str     0x00063748       0xb0 ./libs/cmsis/src/vectors_stm32f4xx.o
                               0x2545 (size before relaxing)
 .debug_str     0x000637f8      0x171 ./libs/StdPeriph/src/misc.o
                              0x5d5c1 (size before relaxing)
 .debug_str     0x00063969      0x178 ./libs/StdPeriph/src/stm32f4xx_gpio.o
                              0x5d66c (size before relaxing)
 .debug_str     0x00063ae1      0xc46 ./libs/StdPeriph/src/stm32f4xx_rcc.o
                              0x5e125 (size before relaxing)
 .debug_str     0x00064727      0x4ab ./libs/StdPeriph/src/stm32f4xx_usart.o
                              0x5d97c (size before relaxing)
 .debug_str     0x00064bd2      0x232 ./libs/FreeRTOS/src/list.o
                               0x6a6b (size before relaxing)
 .debug_str     0x00064e04     0x15d3 ./libs/FreeRTOS/src/queue.o
                               0x8da3 (size before relaxing)
 .debug_str     0x000663d7     0x1788 ./libs/FreeRTOS/src/tasks.o
                               0x94d4 (size before relaxing)
 .debug_str     0x00067b5f      0x37d ./libs/FreeRTOS/src/timers.o
                               0x81cb (size before relaxing)
 .debug_str     0x00067edc      0x352 ./libs/FreeRTOS/portable/heap_2.o
                               0x707a (size before relaxing)
 .debug_str     0x0006822e      0x742 ./libs/FreeRTOS/portable/port.o
                              0x60481 (size before relaxing)

.debug_loc
 *(.debug_loc)

.debug_macinfo
 *(.debug_macinfo)

.debug_weaknames
 *(.debug_weaknames)

.debug_funcnames
 *(.debug_funcnames)

.debug_typenames
 *(.debug_typenames)

.debug_varnames
 *(.debug_varnames)
OUTPUT(RTOS_v8.elf elf32-littlearm)

.debug_ranges   0x00000000      0x830
 .debug_ranges  0x00000000       0x80 ./src/main.o
 .debug_ranges  0x00000080       0x28 ./libs/cmsis/src/startup_cm.o
 .debug_ranges  0x000000a8       0x18 ./libs/cmsis/src/startup_stm32f4xx.o
 .debug_ranges  0x000000c0       0x20 ./libs/cmsis/src/system_stm32f4xx.o
 .debug_ranges  0x000000e0       0x58 ./libs/cmsis/src/vectors_stm32f4xx.o
 .debug_ranges  0x00000138       0x30 ./libs/StdPeriph/src/misc.o
 .debug_ranges  0x00000168       0x78 ./libs/StdPeriph/src/stm32f4xx_gpio.o
 .debug_ranges  0x000001e0      0x1a8 ./libs/StdPeriph/src/stm32f4xx_rcc.o
 .debug_ranges  0x00000388       0xf0 ./libs/StdPeriph/src/stm32f4xx_usart.o
 .debug_ranges  0x00000478       0x30 ./libs/FreeRTOS/src/list.o
 .debug_ranges  0x000004a8       0xe8 ./libs/FreeRTOS/src/queue.o
 .debug_ranges  0x00000590      0x170 ./libs/FreeRTOS/src/tasks.o
 .debug_ranges  0x00000700       0x78 ./libs/FreeRTOS/src/timers.o
 .debug_ranges  0x00000778       0x30 ./libs/FreeRTOS/portable/heap_2.o
 .debug_ranges  0x000007a8       0x88 ./libs/FreeRTOS/portable/port.o

.debug_macro    0x00000000    0x118bb
 .debug_macro   0x00000000      0x2df ./src/main.o
 .debug_macro   0x000002df      0x86e ./src/main.o
 .debug_macro   0x00000b4d       0x5e ./src/main.o
 .debug_macro   0x00000bab       0x3b ./src/main.o
 .debug_macro   0x00000be6       0x16 ./src/main.o
 .debug_macro   0x00000bfc       0x44 ./src/main.o
 .debug_macro   0x00000c40      0x209 ./src/main.o
 .debug_macro   0x00000e49       0x2d ./src/main.o
 .debug_macro   0x00000e76       0x42 ./src/main.o
 .debug_macro   0x00000eb8      0xd39 ./src/main.o
 .debug_macro   0x00001bf1     0x8bb0 ./src/main.o
 .debug_macro   0x0000a7a1      0x44f ./src/main.o
 .debug_macro   0x0000abf0       0xb2 ./src/main.o
 .debug_macro   0x0000aca2      0x477 ./src/main.o
 .debug_macro   0x0000b119       0xae ./src/main.o
 .debug_macro   0x0000b1c7      0x41c ./src/main.o
 .debug_macro   0x0000b5e3      0x2a4 ./src/main.o
 .debug_macro   0x0000b887      0x2bb ./src/main.o
 .debug_macro   0x0000bb42       0x64 ./src/main.o
 .debug_macro   0x0000bba6       0xe7 ./src/main.o
 .debug_macro   0x0000bc8d      0x62f ./src/main.o
 .debug_macro   0x0000c2bc      0x57b ./src/main.o
 .debug_macro   0x0000c837      0x342 ./src/main.o
 .debug_macro   0x0000cb79      0x36c ./src/main.o
 .debug_macro   0x0000cee5       0xf7 ./src/main.o
 .debug_macro   0x0000cfdc      0x73b ./src/main.o
 .debug_macro   0x0000d717      0x223 ./src/main.o
 .debug_macro   0x0000d93a       0x34 ./src/main.o
 .debug_macro   0x0000d96e       0x82 ./src/main.o
 .debug_macro   0x0000d9f0      0x144 ./src/main.o
 .debug_macro   0x0000db34       0xc3 ./src/main.o
 .debug_macro   0x0000dbf7       0x40 ./src/main.o
 .debug_macro   0x0000dc37      0x3cf ./src/main.o
 .debug_macro   0x0000e006      0x188 ./src/main.o
 .debug_macro   0x0000e18e      0x149 ./src/main.o
 .debug_macro   0x0000e2d7      0x279 ./src/main.o
 .debug_macro   0x0000e550       0x35 ./src/main.o
 .debug_macro   0x0000e585       0x58 ./src/main.o
 .debug_macro   0x0000e5dd       0x35 ./src/main.o
 .debug_macro   0x0000e612       0xa3 ./src/main.o
 .debug_macro   0x0000e6b5       0x16 ./src/main.o
 .debug_macro   0x0000e6cb       0x97 ./src/main.o
 .debug_macro   0x0000e762       0x10 ./src/main.o
 .debug_macro   0x0000e772       0xf6 ./src/main.o
 .debug_macro   0x0000e868       0x52 ./src/main.o
 .debug_macro   0x0000e8ba       0x16 ./src/main.o
 .debug_macro   0x0000e8d0       0x43 ./src/main.o
 .debug_macro   0x0000e913      0x180 ./src/main.o
 .debug_macro   0x0000ea93       0x10 ./src/main.o
 .debug_macro   0x0000eaa3       0x22 ./src/main.o
 .debug_macro   0x0000eac5       0xbd ./src/main.o
 .debug_macro   0x0000eb82       0x16 ./src/main.o
 .debug_macro   0x0000eb98      0x16c ./src/main.o
 .debug_macro   0x0000ed04       0x40 ./src/main.o
 .debug_macro   0x0000ed44      0x10f ./src/main.o
 .debug_macro   0x0000ee53       0xb6 ./src/main.o
 .debug_macro   0x0000ef09       0x12 ./src/main.o
 .debug_macro   0x0000ef1b       0x1f ./src/main.o
 .debug_macro   0x0000ef3a      0x329 ./src/main.o
 .debug_macro   0x0000f263       0x79 ./src/main.o
 .debug_macro   0x0000f2dc       0x57 ./src/main.o
 .debug_macro   0x0000f333       0xb0 ./src/main.o
 .debug_macro   0x0000f3e3       0x7e ./src/main.o
 .debug_macro   0x0000f461       0xa6 ./libs/cmsis/src/startup_cm.o
 .debug_macro   0x0000f507      0x195 ./libs/cmsis/src/startup_stm32f4xx.o
 .debug_macro   0x0000f69c      0x1b9 ./libs/cmsis/src/system_stm32f4xx.o
 .debug_macro   0x0000f855       0x11 ./libs/cmsis/src/vectors_stm32f4xx.o
 .debug_macro   0x0000f866      0x1a5 ./libs/StdPeriph/src/misc.o
 .debug_macro   0x0000fa0b       0x7c ./libs/StdPeriph/src/misc.o
 .debug_macro   0x0000fa87      0x19f ./libs/StdPeriph/src/stm32f4xx_gpio.o
 .debug_macro   0x0000fc26      0x29e ./libs/StdPeriph/src/stm32f4xx_gpio.o
 .debug_macro   0x0000fec4      0x269 ./libs/StdPeriph/src/stm32f4xx_rcc.o
 .debug_macro   0x0001012d      0x629 ./libs/StdPeriph/src/stm32f4xx_rcc.o
 .debug_macro   0x00010756      0x1b7 ./libs/StdPeriph/src/stm32f4xx_usart.o
 .debug_macro   0x0001090d      0x21d ./libs/StdPeriph/src/stm32f4xx_usart.o
 .debug_macro   0x00010b2a      0x139 ./libs/FreeRTOS/src/list.o
 .debug_macro   0x00010c63      0x1c9 ./libs/FreeRTOS/src/queue.o
 .debug_macro   0x00010e2c      0x283 ./libs/FreeRTOS/src/queue.o
 .debug_macro   0x000110af       0x10 ./libs/FreeRTOS/src/queue.o
 .debug_macro   0x000110bf       0x35 ./libs/FreeRTOS/src/queue.o
 .debug_macro   0x000110f4       0x1f ./libs/FreeRTOS/src/queue.o
 .debug_macro   0x00011113      0x20c ./libs/FreeRTOS/src/tasks.o
 .debug_macro   0x0001131f       0x17 ./libs/FreeRTOS/src/tasks.o
 .debug_macro   0x00011336      0x176 ./libs/FreeRTOS/src/timers.o
 .debug_macro   0x000114ac      0x166 ./libs/FreeRTOS/portable/heap_2.o
 .debug_macro   0x00011612      0x2a9 ./libs/FreeRTOS/portable/port.o
