Archive member included because of file (symbol)

/opt/ARM/bin/../lib/gcc/arm-none-eabi/4.8.4/../../../../arm-none-eabi/lib/armv7e-m/softfp/libg.a(lib_a-errno.o)
                              ./libs/misc/src/_sbrk.o (__errno)
/opt/ARM/bin/../lib/gcc/arm-none-eabi/4.8.4/../../../../arm-none-eabi/lib/armv7e-m/softfp/libg.a(lib_a-impure.o)
                              /opt/ARM/bin/../lib/gcc/arm-none-eabi/4.8.4/../../../../arm-none-eabi/lib/armv7e-m/softfp/libg.a(lib_a-errno.o) (_impure_ptr)
/opt/ARM/bin/../lib/gcc/arm-none-eabi/4.8.4/../../../../arm-none-eabi/lib/armv7e-m/softfp/libg.a(lib_a-memcmp.o)
                              ./libs/FreeRTOS/src/tasks.o (memcmp)
/opt/ARM/bin/../lib/gcc/arm-none-eabi/4.8.4/../../../../arm-none-eabi/lib/armv7e-m/softfp/libg.a(lib_a-memcpy.o)
                              ./src/main.o (memcpy)
/opt/ARM/bin/../lib/gcc/arm-none-eabi/4.8.4/../../../../arm-none-eabi/lib/armv7e-m/softfp/libg.a(lib_a-memset.o)
                              ./src/main.o (memset)
/opt/ARM/bin/../lib/gcc/arm-none-eabi/4.8.4/../../../../arm-none-eabi/lib/armv7e-m/softfp/libg.a(lib_a-sprintf.o)
                              ./src/main.o (sprintf)
/opt/ARM/bin/../lib/gcc/arm-none-eabi/4.8.4/../../../../arm-none-eabi/lib/armv7e-m/softfp/libg.a(lib_a-svfprintf.o)
                              /opt/ARM/bin/../lib/gcc/arm-none-eabi/4.8.4/../../../../arm-none-eabi/lib/armv7e-m/softfp/libg.a(lib_a-sprintf.o) (_svfprintf_r)
/opt/ARM/bin/../lib/gcc/arm-none-eabi/4.8.4/../../../../arm-none-eabi/lib/armv7e-m/softfp/libg.a(lib_a-dtoa.o)
                              /opt/ARM/bin/../lib/gcc/arm-none-eabi/4.8.4/../../../../arm-none-eabi/lib/armv7e-m/softfp/libg.a(lib_a-svfprintf.o) (_dtoa_r)
/opt/ARM/bin/../lib/gcc/arm-none-eabi/4.8.4/../../../../arm-none-eabi/lib/armv7e-m/softfp/libg.a(lib_a-locale.o)
                              /opt/ARM/bin/../lib/gcc/arm-none-eabi/4.8.4/../../../../arm-none-eabi/lib/armv7e-m/softfp/libg.a(lib_a-svfprintf.o) (_localeconv_r)
/opt/ARM/bin/../lib/gcc/arm-none-eabi/4.8.4/../../../../arm-none-eabi/lib/armv7e-m/softfp/libg.a(lib_a-mallocr.o)
                              /opt/ARM/bin/../lib/gcc/arm-none-eabi/4.8.4/../../../../arm-none-eabi/lib/armv7e-m/softfp/libg.a(lib_a-svfprintf.o) (_malloc_r)
/opt/ARM/bin/../lib/gcc/arm-none-eabi/4.8.4/../../../../arm-none-eabi/lib/armv7e-m/softfp/libg.a(lib_a-memchr-stub.o)
                              /opt/ARM/bin/../lib/gcc/arm-none-eabi/4.8.4/../../../../arm-none-eabi/lib/armv7e-m/softfp/libg.a(lib_a-svfprintf.o) (memchr)
/opt/ARM/bin/../lib/gcc/arm-none-eabi/4.8.4/../../../../arm-none-eabi/lib/armv7e-m/softfp/libg.a(lib_a-mlock.o)
                              /opt/ARM/bin/../lib/gcc/arm-none-eabi/4.8.4/../../../../arm-none-eabi/lib/armv7e-m/softfp/libg.a(lib_a-mallocr.o) (__malloc_lock)
/opt/ARM/bin/../lib/gcc/arm-none-eabi/4.8.4/../../../../arm-none-eabi/lib/armv7e-m/softfp/libg.a(lib_a-mprec.o)
                              /opt/ARM/bin/../lib/gcc/arm-none-eabi/4.8.4/../../../../arm-none-eabi/lib/armv7e-m/softfp/libg.a(lib_a-dtoa.o) (_Balloc)
/opt/ARM/bin/../lib/gcc/arm-none-eabi/4.8.4/../../../../arm-none-eabi/lib/armv7e-m/softfp/libg.a(lib_a-s_fpclassify.o)
                              /opt/ARM/bin/../lib/gcc/arm-none-eabi/4.8.4/../../../../arm-none-eabi/lib/armv7e-m/softfp/libg.a(lib_a-svfprintf.o) (__fpclassifyd)
/opt/ARM/bin/../lib/gcc/arm-none-eabi/4.8.4/../../../../arm-none-eabi/lib/armv7e-m/softfp/libg.a(lib_a-sbrkr.o)
                              /opt/ARM/bin/../lib/gcc/arm-none-eabi/4.8.4/../../../../arm-none-eabi/lib/armv7e-m/softfp/libg.a(lib_a-mallocr.o) (_sbrk_r)
/opt/ARM/bin/../lib/gcc/arm-none-eabi/4.8.4/../../../../arm-none-eabi/lib/armv7e-m/softfp/libg.a(lib_a-strcmp.o)
                              /opt/ARM/bin/../lib/gcc/arm-none-eabi/4.8.4/../../../../arm-none-eabi/lib/armv7e-m/softfp/libg.a(lib_a-locale.o) (strcmp)
/opt/ARM/bin/../lib/gcc/arm-none-eabi/4.8.4/../../../../arm-none-eabi/lib/armv7e-m/softfp/libg.a(lib_a-strlen.o)
                              /opt/ARM/bin/../lib/gcc/arm-none-eabi/4.8.4/../../../../arm-none-eabi/lib/armv7e-m/softfp/libg.a(lib_a-svfprintf.o) (strlen)
/opt/ARM/bin/../lib/gcc/arm-none-eabi/4.8.4/../../../../arm-none-eabi/lib/armv7e-m/softfp/libg.a(lib_a-svfiprintf.o)
                              /opt/ARM/bin/../lib/gcc/arm-none-eabi/4.8.4/../../../../arm-none-eabi/lib/armv7e-m/softfp/libg.a(lib_a-svfprintf.o) (__ssprint_r)
/opt/ARM/bin/../lib/gcc/arm-none-eabi/4.8.4/../../../../arm-none-eabi/lib/armv7e-m/softfp/libg.a(lib_a-callocr.o)
                              /opt/ARM/bin/../lib/gcc/arm-none-eabi/4.8.4/../../../../arm-none-eabi/lib/armv7e-m/softfp/libg.a(lib_a-mprec.o) (_calloc_r)
/opt/ARM/bin/../lib/gcc/arm-none-eabi/4.8.4/../../../../arm-none-eabi/lib/armv7e-m/softfp/libg.a(lib_a-freer.o)
                              /opt/ARM/bin/../lib/gcc/arm-none-eabi/4.8.4/../../../../arm-none-eabi/lib/armv7e-m/softfp/libg.a(lib_a-mallocr.o) (_free_r)
[...]
Memory Configuration

Name             Origin             Length             Attributes
RAM              0x20000000         0x00020000         xrw
CCMRAM           0x10000000         0x00010000         xrw
FLASH            0x08000000         0x00100000         xr
FLASHB1          0x00000000         0x00000000         xr
EXTMEMB0         0x00000000         0x00000000         xr
EXTMEMB1         0x00000000         0x00000000         xr
EXTMEMB2         0x00000000         0x00000000         xr
EXTMEMB3         0x00000000         0x00000000         xr
MEMORY_ARRAY     0x20002000         0x00000020         xrw
*default*        0x00000000         0xffffffff

Linker script and memory map

LOAD ./src/main.o
LOAD ./src/myFunction.o
LOAD ./libs/misc/src/_sbrk.o
LOAD ./libs/misc/src/_write.o
LOAD ./libs/misc/src/trace_impl.o
LOAD ./libs/cmsis/src/startup_cm.o
LOAD ./libs/cmsis/src/startup_stm32f4xx.o
LOAD ./libs/cmsis/src/system_stm32f4xx.o
LOAD ./libs/cmsis/src/vectors_stm32f4xx.o
LOAD ./libs/StdPeriph/src/misc.o
LOAD ./libs/StdPeriph/src/stm32f4xx_adc.o
LOAD ./libs/StdPeriph/src/stm32f4xx_can.o
LOAD ./libs/StdPeriph/src/stm32f4xx_crc.o
LOAD ./libs/StdPeriph/src/stm32f4xx_cryp.o
LOAD ./libs/StdPeriph/src/stm32f4xx_cryp_aes.o
LOAD ./libs/StdPeriph/src/stm32f4xx_cryp_des.o
LOAD ./libs/StdPeriph/src/stm32f4xx_cryp_tdes.o
LOAD ./libs/StdPeriph/src/stm32f4xx_dac.o
LOAD ./libs/StdPeriph/src/stm32f4xx_dbgmcu.o
LOAD ./libs/StdPeriph/src/stm32f4xx_dcmi.o
LOAD ./libs/StdPeriph/src/stm32f4xx_dma.o
LOAD ./libs/StdPeriph/src/stm32f4xx_dma2d.o
LOAD ./libs/StdPeriph/src/stm32f4xx_exti.o
LOAD ./libs/StdPeriph/src/stm32f4xx_flash.o
LOAD ./libs/StdPeriph/src/stm32f4xx_fmc.o
LOAD ./libs/StdPeriph/src/stm32f4xx_fsmc.o
LOAD ./libs/StdPeriph/src/stm32f4xx_gpio.o
LOAD ./libs/StdPeriph/src/stm32f4xx_hash.o
LOAD ./libs/StdPeriph/src/stm32f4xx_hash_md5.o
LOAD ./libs/StdPeriph/src/stm32f4xx_hash_sha1.o
LOAD ./libs/StdPeriph/src/stm32f4xx_i2c.o
LOAD ./libs/StdPeriph/src/stm32f4xx_iwdg.o
LOAD ./libs/StdPeriph/src/stm32f4xx_ltdc.o
LOAD ./libs/StdPeriph/src/stm32f4xx_pwr.o
LOAD ./libs/StdPeriph/src/stm32f4xx_rcc.o
LOAD ./libs/StdPeriph/src/stm32f4xx_rng.o
LOAD ./libs/StdPeriph/src/stm32f4xx_rtc.o
LOAD ./libs/StdPeriph/src/stm32f4xx_sai.o
LOAD ./libs/StdPeriph/src/stm32f4xx_sdio.o
LOAD ./libs/StdPeriph/src/stm32f4xx_spi.o
LOAD ./libs/StdPeriph/src/stm32f4xx_syscfg.o
LOAD ./libs/StdPeriph/src/stm32f4xx_tim.o
LOAD ./libs/StdPeriph/src/stm32f4xx_usart.o
LOAD ./libs/StdPeriph/src/stm32f4xx_wwdg.o
LOAD ./libs/FreeRTOS/src/croutine.o
LOAD ./libs/FreeRTOS/src/event_groups.o
LOAD ./libs/FreeRTOS/src/list.o
LOAD ./libs/FreeRTOS/src/queue.o
LOAD ./libs/FreeRTOS/src/tasks.o
LOAD ./libs/FreeRTOS/src/timers.o
LOAD ./libs/FreeRTOS/portable/heap_2.o
LOAD ./libs/FreeRTOS/portable/port.o
START GROUP
LOAD /opt/ARM/bin/../lib/gcc/arm-none-eabi/4.8.4/armv7e-m/softfp/libgcc.a
LOAD /opt/ARM/bin/../lib/gcc/arm-none-eabi/4.8.4/../../../../arm-none-eabi/lib/armv7e-m/softfp/libg.a
LOAD /opt/ARM/bin/../lib/gcc/arm-none-eabi/4.8.4/../../../../arm-none-eabi/lib/armv7e-m/softfp/libc.a
END GROUP
START GROUP
LOAD /opt/ARM/bin/../lib/gcc/arm-none-eabi/4.8.4/armv7e-m/softfp/libgcc.a
LOAD /opt/ARM/bin/../lib/gcc/arm-none-eabi/4.8.4/../../../../arm-none-eabi/lib/armv7e-m/softfp/libg.a
LOAD /opt/ARM/bin/../lib/gcc/arm-none-eabi/4.8.4/../../../../arm-none-eabi/lib/armv7e-m/softfp/libc.a
LOAD /opt/ARM/bin/../lib/gcc/arm-none-eabi/4.8.4/../../../../arm-none-eabi/lib/armv7e-m/softfp/libm.a
LOAD /opt/ARM/bin/../lib/gcc/arm-none-eabi/4.8.4/../../../../arm-none-eabi/lib/armv7e-m/softfp/libnosys.a
END GROUP
                0x20020000                __stack = (ORIGIN (RAM) + 0x20000)
                0x20020000                _estack = __stack
                0x00000400                __Main_Stack_Size = 0x400
                0x00000400                PROVIDE (_Main_Stack_Size, __Main_Stack_Size)
                0x2001fc00                __Main_Stack_Limit = (__stack - __Main_Stack_Size)
                0x2001fc00                PROVIDE (_Main_Stack_Limit, __Main_Stack_Limit)
                0x00000100                _Minimum_Stack_Size = 0x100
                0x200058bc                PROVIDE (_Heap_Begin, _end_noinit)
                0x2001fc00                PROVIDE (_Heap_Limit, (__stack - _Main_Stack_Size))

.isr_vector     0x08000000      0x280
                0x08000000                . = ALIGN (0x4)
 *(.isr_vector)
 .isr_vector    0x08000000      0x188 ./libs/cmsis/src/vectors_stm32f4xx.o
                0x08000000                g_pfnVectors
 *(.after_vectors .after_vectors.*)
 .after_vectors
                0x08000188       0x8c ./libs/cmsis/src/startup_cm.o
                0x08000188                Reset_Handler
                0x080001cc                system_init
 .after_vectors
                0x08000214       0x1c ./libs/cmsis/src/startup_stm32f4xx.o
                0x08000214                fpu_init
 .after_vectors
                0x08000230       0x50 ./libs/cmsis/src/vectors_stm32f4xx.o
                0x08000230                RTC_Alarm_IRQHandler
                0x08000230                HASH_RNG_IRQHandler
                0x08000230                TIM8_CC_IRQHandler
                0x08000230                TIM1_CC_IRQHandler
                0x08000230                DMA2_Stream5_IRQHandler
                0x08000230                DMA1_Stream5_IRQHandler
                0x08000230                PVD_IRQHandler
                0x08000230                SDIO_IRQHandler
                0x08000230                TAMP_STAMP_IRQHandler
                0x08000230                CAN2_RX1_IRQHandler
                0x08000230                TIM8_TRG_COM_TIM14_IRQHandler
                0x08000230                TIM1_UP_TIM10_IRQHandler
                0x08000230                TIM8_UP_TIM13_IRQHandler
                0x08000230                I2C3_ER_IRQHandler
                0x08000230                I2C2_EV_IRQHandler
                0x08000230                DMA1_Stream2_IRQHandler
                0x08000230                CAN1_RX0_IRQHandler
                0x08000230                FPU_IRQHandler
                0x08000230                OTG_HS_WKUP_IRQHandler
                0x08000230                CAN2_SCE_IRQHandler
                0x08000230                DMA2_Stream2_IRQHandler
                0x08000230                SPI1_IRQHandler
                0x08000230                TIM6_DAC_IRQHandler
                0x08000230                TIM1_BRK_TIM9_IRQHandler
                0x08000230                DCMI_IRQHandler
                0x08000230                CAN2_RX0_IRQHandler
                0x08000230                DMA2_Stream3_IRQHandler
                0x08000230                USART6_IRQHandler
                0x08000230                USART3_IRQHandler
                0x08000230                CRYP_IRQHandler
                0x08000230                CAN1_RX1_IRQHandler
                0x08000230                UART5_IRQHandler
                0x08000230                DMA2_Stream0_IRQHandler
                0x08000230                TIM4_IRQHandler
                0x08000230                I2C1_EV_IRQHandler
                0x08000230                DMA1_Stream6_IRQHandler
                0x08000230                DMA1_Stream1_IRQHandler
                0x08000230                UART4_IRQHandler
                0x08000230                TIM3_IRQHandler
                0x08000230                RCC_IRQHandler
                0x08000230                TIM8_BRK_TIM12_IRQHandler
                0x08000230                Default_Handler
                0x08000230                ADC_IRQHandler
                0x08000230                DMA1_Stream7_IRQHandler
                0x08000230                TIM7_IRQHandler
                0x08000230                CAN2_TX_IRQHandler
                0x08000230                TIM5_IRQHandler
                0x08000230                DMA2_Stream7_IRQHandler
                0x08000230                I2C3_EV_IRQHandler
                0x08000230                EXTI9_5_IRQHandler
                0x08000230                RTC_WKUP_IRQHandler
                0x08000230                ETH_WKUP_IRQHandler
                0x08000230                SPI2_IRQHandler
                0x08000230                OTG_HS_EP1_IN_IRQHandler
                0x08000230                DMA1_Stream0_IRQHandler
                0x08000230                CAN1_TX_IRQHandler
                0x08000230                EXTI4_IRQHandler
                0x08000230                FSMC_IRQHandler
                0x08000230                ETH_IRQHandler
                0x08000230                OTG_HS_EP1_OUT_IRQHandler
                0x08000230                WWDG_IRQHandler
                0x08000230                TIM2_IRQHandler
                0x08000230                OTG_FS_WKUP_IRQHandler
                0x08000230                TIM1_TRG_COM_TIM11_IRQHandler
                0x08000230                OTG_HS_IRQHandler
                0x08000230                USART2_IRQHandler
                0x08000230                I2C2_ER_IRQHandler
                0x08000230                DMA2_Stream1_IRQHandler
                0x08000230                CAN1_SCE_IRQHandler
                0x08000230                FLASH_IRQHandler
                0x08000230                DMA2_Stream4_IRQHandler
                0x08000230                OTG_FS_IRQHandler
                0x08000230                SPI3_IRQHandler
                0x08000230                DMA1_Stream4_IRQHandler
                0x08000230                I2C1_ER_IRQHandler
                0x08000230                DMA2_Stream6_IRQHandler
                0x08000230                DMA1_Stream3_IRQHandler
                0x08000238                NMI_Handler
                0x08000240                HardFault_Handler
                0x08000248                MemManage_Handler
                0x08000250                BusFault_Handler
                0x08000258                UsageFault_Handler
                0x08000268                DebugMon_Handler
                0x08000280                . = ALIGN (0x4)

._inits         0x08000280        0x8
                0x08000280                . = ALIGN (0x4)
 *(.init)
 *(.fini)
                0x08000280                . = ALIGN (0x4)
                0x08000280                PROVIDE (__preinit_array_start, .)
 *(.preinit_array_sysinit .preinit_array_sysinit.*)
 .preinit_array_sysinit
                0x08000280        0x4 ./libs/cmsis/src/startup_cm.o
                0x08000280                p_system_init
 *(.preinit_array_platform .preinit_array_platform.*)
 .preinit_array_platform
                0x08000284        0x4 ./libs/cmsis/src/startup_stm32f4xx.o
                0x08000284                p_fpu_init
 *(.preinit_array .preinit_array.*)
                0x08000288                PROVIDE (__preinit_array_end, .)
                0x08000288                . = ALIGN (0x4)
                0x08000288                PROVIDE (__init_array_start, .)
 *(SORT(.init_array.*))
 *(.init_array)
                0x08000288                PROVIDE (__init_array_end, .)
                0x08000288                . = ALIGN (0x4)
                0x08000288                PROVIDE (__fini_array_start, .)
 *(SORT(.fini_array.*))
 *(.fini_array)
                0x08000288                PROVIDE (__fini_array_end, .)
                0x08000288                . = ALIGN (0x4)

.flashtext      0x08000288        0x0
                0x08000288                . = ALIGN (0x4)
 *(.flashtext .flashtext.*)
                0x08000288                . = ALIGN (0x4)

.text           0x08000288     0x930c
                0x08000288                . = ALIGN (0x4)
 *(.text .text.*)
 .text.vTaskBlink
                0x08000288       0x20 ./src/main.o
                0x08000288                vTaskBlink
 .text.vTaskUS_1
                0x080002a8      0x1d4 ./src/main.o
                0x080002a8                vTaskUS_1
 .text.vTaskUS_2
                0x0800047c      0x1bc ./src/main.o
                0x0800047c                vTaskUS_2
 .text.vTaskUS_recorder
                0x08000638       0xac ./src/main.o
                0x08000638                vTaskUS_recorder
 .text.vTaskADC
                0x080006e4       0x84 ./src/main.o
                0x080006e4                vTaskADC
 .text.vTaskADC_recorder
                0x08000768       0x9c ./src/main.o
                0x08000768                vTaskADC_recorder
 .text.vTaskROS
                0x08000804       0x84 ./src/main.o
                0x08000804                vTaskROS
 .text.vTaskROS_recorder
                0x08000888       0x94 ./src/main.o
                0x08000888                vTaskROS_recorder
 .text.vTaskSendData
                0x0800091c      0x1bc ./src/main.o
                0x0800091c                vTaskSendData
 .text.main     0x08000ad8      0x1c4 ./src/main.o
                0x08000ad8                main
 .text.EXTI0_IRQHandler
                0x08000c9c       0x74 ./src/main.o
                0x08000c9c                EXTI0_IRQHandler
 .text.EXTI1_IRQHandler
                0x08000d10       0x74 ./src/main.o
                0x08000d10                EXTI1_IRQHandler
 .text.EXTI2_IRQHandler
                0x08000d84       0x74 ./src/main.o
                0x08000d84                EXTI2_IRQHandler
 .text.EXTI3_IRQHandler
                0x08000df8       0x74 ./src/main.o
                0x08000df8                EXTI3_IRQHandler
 .text.EXTI15_10_IRQHandler
                0x08000e6c       0x78 ./src/main.o
                0x08000e6c                EXTI15_10_IRQHandler
 .text.USART1_IRQHandler
                0x08000ee4       0x34 ./src/main.o
                0x08000ee4                USART1_IRQHandler
 .text.vApplicationStackOverflowHook
                0x08000f18       0x10 ./src/main.o
                0x08000f18                vApplicationStackOverflowHook
 .text.vApplicationMallocFailedHook
                0x08000f28        0xc ./src/main.o
                0x08000f28                vApplicationMallocFailedHook
 .text.USART_puts
                0x08000f34       0x48 ./src/myFunction.o
                0x08000f34                USART_puts
 .text.ADC_init
                0x08000f7c      0x158 ./src/myFunction.o
                0x08000f7c                ADC_init
 .text.GPIO_init
                0x080010d4       0xb0 ./src/myFunction.o
                0x080010d4                GPIO_init
 .text.Timer_init
                0x08001184       0x40 ./src/myFunction.o
                0x08001184                Timer_init
 .text.USART_init
                0x080011c4       0xac ./src/myFunction.o
                0x080011c4                USART_init
 .text.EXTI_init
                0x08001270      0x1d0 ./src/myFunction.o
                0x08001270                EXTI_init
 .text.uDelay   0x08001440       0x34 ./src/myFunction.o
                0x08001440                uDelay
 .text.enableExtiROS
                0x08001474       0x6c ./src/myFunction.o
                0x08001474                enableExtiROS
 .text._sbrk    0x080014e0       0x68 ./libs/misc/src/_sbrk.o
                0x080014e0                _sbrk
 .text.__libc_init_array
                0x08001548       0x6c ./libs/cmsis/src/startup_cm.o
                0x08001548                __libc_init_array
 .text.__libc_fini_array
                0x080015b4       0x3c ./libs/cmsis/src/startup_cm.o
                0x080015b4                __libc_fini_array
 .text._exit    0x080015f0        0xc ./libs/cmsis/src/startup_stm32f4xx.o
                0x080015f0                _exit
 .text.SystemInit
                0x080015fc       0x68 ./libs/cmsis/src/system_stm32f4xx.o
                0x080015fc                SystemInit
 .text.SetSysClock
                0x08001664       0xf4 ./libs/cmsis/src/system_stm32f4xx.o
 .text.NVIC_Init
                0x08001758       0xbc ./libs/StdPeriph/src/misc.o
                0x08001758                NVIC_Init
 .text.ADC_Init
                0x08001814       0xa8 ./libs/StdPeriph/src/stm32f4xx_adc.o
                0x08001814                ADC_Init
 .text.ADC_CommonInit
                0x080018bc       0x50 ./libs/StdPeriph/src/stm32f4xx_adc.o
                0x080018bc                ADC_CommonInit
 .text.ADC_Cmd  0x0800190c       0x38 ./libs/StdPeriph/src/stm32f4xx_adc.o
                0x0800190c                ADC_Cmd
 .text.ADC_RegularChannelConfig
                0x08001944      0x188 ./libs/StdPeriph/src/stm32f4xx_adc.o
                0x08001944                ADC_RegularChannelConfig
 .text.ADC_SoftwareStartConv
                0x08001acc       0x20 ./libs/StdPeriph/src/stm32f4xx_adc.o
                0x08001acc                ADC_SoftwareStartConv
 .text.ADC_DMACmd
                0x08001aec       0x38 ./libs/StdPeriph/src/stm32f4xx_adc.o
                0x08001aec                ADC_DMACmd
 .text.ADC_DMARequestAfterLastTransferCmd
                0x08001b24       0x38 ./libs/StdPeriph/src/stm32f4xx_adc.o
                0x08001b24                ADC_DMARequestAfterLastTransferCmd
 .text.DMA_Init
                0x08001b5c       0xac ./libs/StdPeriph/src/stm32f4xx_dma.o
                0x08001b5c                DMA_Init
 .text.DMA_Cmd  0x08001c08       0x38 ./libs/StdPeriph/src/stm32f4xx_dma.o
                0x08001c08                DMA_Cmd
 .text.EXTI_Init
                0x08001c40       0xdc ./libs/StdPeriph/src/stm32f4xx_exti.o
                0x08001c40                EXTI_Init
 .text.EXTI_GetITStatus
                0x08001d1c       0x34 ./libs/StdPeriph/src/stm32f4xx_exti.o
                0x08001d1c                EXTI_GetITStatus
 .text.EXTI_ClearITPendingBit
                0x08001d50       0x1c ./libs/StdPeriph/src/stm32f4xx_exti.o
                0x08001d50                EXTI_ClearITPendingBit
 .text.GPIO_Init
                0x08001d6c      0x11c ./libs/StdPeriph/src/stm32f4xx_gpio.o
                0x08001d6c                GPIO_Init
 .text.GPIO_SetBits
                0x08001e88       0x1c ./libs/StdPeriph/src/stm32f4xx_gpio.o
                0x08001e88                GPIO_SetBits
 .text.GPIO_ResetBits
                0x08001ea4       0x1c ./libs/StdPeriph/src/stm32f4xx_gpio.o
                0x08001ea4                GPIO_ResetBits
 .text.GPIO_WriteBit
                0x08001ec0       0x30 ./libs/StdPeriph/src/stm32f4xx_gpio.o
                0x08001ec0                GPIO_WriteBit
 .text.GPIO_ToggleBits
                0x08001ef0       0x24 ./libs/StdPeriph/src/stm32f4xx_gpio.o
                0x08001ef0                GPIO_ToggleBits
 .text.GPIO_PinAFConfig
                0x08001f14       0x8c ./libs/StdPeriph/src/stm32f4xx_gpio.o
                0x08001f14                GPIO_PinAFConfig
 .text.RCC_GetClocksFreq
                0x08001fa0      0x154 ./libs/StdPeriph/src/stm32f4xx_rcc.o
                0x08001fa0                RCC_GetClocksFreq
 .text.RCC_AHB1PeriphClockCmd
                0x080020f4       0x3c ./libs/StdPeriph/src/stm32f4xx_rcc.o
                0x080020f4                RCC_AHB1PeriphClockCmd
 .text.RCC_APB1PeriphClockCmd
                0x08002130       0x3c ./libs/StdPeriph/src/stm32f4xx_rcc.o
                0x08002130                RCC_APB1PeriphClockCmd
 .text.RCC_APB2PeriphClockCmd
                0x0800216c       0x3c ./libs/StdPeriph/src/stm32f4xx_rcc.o
                0x0800216c                RCC_APB2PeriphClockCmd
 .text.SYSCFG_EXTILineConfig
                0x080021a8       0x7c ./libs/StdPeriph/src/stm32f4xx_syscfg.o
                0x080021a8                SYSCFG_EXTILineConfig
 .text.TIM_TimeBaseInit
                0x08002224       0xd4 ./libs/StdPeriph/src/stm32f4xx_tim.o
                0x08002224                TIM_TimeBaseInit
 .text.TIM_Cmd  0x080022f8       0x40 ./libs/StdPeriph/src/stm32f4xx_tim.o
                0x080022f8                TIM_Cmd
 .text.USART_Init
                0x08002338      0x174 ./libs/StdPeriph/src/stm32f4xx_usart.o
                0x08002338                USART_Init
 .text.USART_Cmd
                0x080024ac       0x40 ./libs/StdPeriph/src/stm32f4xx_usart.o
                0x080024ac                USART_Cmd
 .text.USART_SendData
                0x080024ec       0x24 ./libs/StdPeriph/src/stm32f4xx_usart.o
                0x080024ec                USART_SendData
 .text.USART_ITConfig
                0x08002510       0x90 ./libs/StdPeriph/src/stm32f4xx_usart.o
                0x08002510                USART_ITConfig
 .text.USART_GetITStatus
                0x080025a0       0xb0 ./libs/StdPeriph/src/stm32f4xx_usart.o
                0x080025a0                USART_GetITStatus
 .text.vListInitialise
                0x08002650       0x40 ./libs/FreeRTOS/src/list.o
                0x08002650                vListInitialise
 .text.vListInitialiseItem
                0x08002690       0x18 ./libs/FreeRTOS/src/list.o
                0x08002690                vListInitialiseItem
 .text.vListInsertEnd
                0x080026a8       0x48 ./libs/FreeRTOS/src/list.o
                0x080026a8                vListInsertEnd
 .text.vListInsert
                0x080026f0       0x70 ./libs/FreeRTOS/src/list.o
                0x080026f0                vListInsert
 .text.uxListRemove
                0x08002760       0x54 ./libs/FreeRTOS/src/list.o
                0x08002760                uxListRemove
 .text.xQueueGenericReset
                0x080027b4       0xb0 ./libs/FreeRTOS/src/queue.o
                0x080027b4                xQueueGenericReset
 .text.xQueueGenericCreate
                0x08002864       0x84 ./libs/FreeRTOS/src/queue.o
                0x08002864                xQueueGenericCreate
 .text.xQueueGenericSend
                0x080028e8      0x180 ./libs/FreeRTOS/src/queue.o
                0x080028e8                xQueueGenericSend
 .text.xQueueGenericSendFromISR
                0x08002a68       0xd4 ./libs/FreeRTOS/src/queue.o
                0x08002a68                xQueueGenericSendFromISR
 .text.xQueueGenericReceive
                0x08002b3c      0x1bc ./libs/FreeRTOS/src/queue.o
                0x08002b3c                xQueueGenericReceive
 .text.prvCopyDataToQueue
                0x08002cf8       0xd0 ./libs/FreeRTOS/src/queue.o
 .text.prvCopyDataFromQueue
                0x08002dc8       0x4c ./libs/FreeRTOS/src/queue.o
 .text.prvUnlockQueue
                0x08002e14       0x98 ./libs/FreeRTOS/src/queue.o
 .text.prvIsQueueEmpty
                0x08002eac       0x2c ./libs/FreeRTOS/src/queue.o
 .text.prvIsQueueFull
                0x08002ed8       0x30 ./libs/FreeRTOS/src/queue.o
 .text.vQueueAddToRegistry
                0x08002f08       0x50 ./libs/FreeRTOS/src/queue.o
                0x08002f08                vQueueAddToRegistry
 .text.vQueueWaitForMessageRestricted
                0x08002f58       0x58 ./libs/FreeRTOS/src/queue.o
                0x08002f58                vQueueWaitForMessageRestricted
 .text.xTaskGenericCreate
                0x08002fb0      0x168 ./libs/FreeRTOS/src/tasks.o
                0x08002fb0                xTaskGenericCreate
 .text.vTaskDelay
                0x08003118       0x64 ./libs/FreeRTOS/src/tasks.o
                0x08003118                vTaskDelay
 .text.vTaskPrioritySet
                0x0800317c      0x124 ./libs/FreeRTOS/src/tasks.o
                0x0800317c                vTaskPrioritySet
 .text.vTaskStartScheduler
                0x080032a0       0x70 ./libs/FreeRTOS/src/tasks.o
                0x080032a0                vTaskStartScheduler
 .text.vTaskSuspendAll
                0x08003310       0x1c ./libs/FreeRTOS/src/tasks.o
                0x08003310                vTaskSuspendAll
 .text.xTaskResumeAll
                0x0800332c      0x10c ./libs/FreeRTOS/src/tasks.o
                0x0800332c                xTaskResumeAll
 .text.xTaskGetTickCount
                0x08003438       0x24 ./libs/FreeRTOS/src/tasks.o
                0x08003438                xTaskGetTickCount
 .text.xTaskIncrementTick
                0x0800345c      0x170 ./libs/FreeRTOS/src/tasks.o
                0x0800345c                xTaskIncrementTick
 .text.vTaskSwitchContext
                0x080035cc       0xf4 ./libs/FreeRTOS/src/tasks.o
                0x080035cc                vTaskSwitchContext
 .text.vTaskPlaceOnEventList
                0x080036c0       0x6c ./libs/FreeRTOS/src/tasks.o
                0x080036c0                vTaskPlaceOnEventList
 .text.vTaskPlaceOnEventListRestricted
                0x0800372c       0x50 ./libs/FreeRTOS/src/tasks.o
                0x0800372c                vTaskPlaceOnEventListRestricted
 .text.xTaskRemoveFromEventList
                0x0800377c       0xb8 ./libs/FreeRTOS/src/tasks.o
                0x0800377c                xTaskRemoveFromEventList
 .text.vTaskSetTimeOutState
                0x08003834       0x34 ./libs/FreeRTOS/src/tasks.o
                0x08003834                vTaskSetTimeOutState
 .text.xTaskCheckForTimeOut
                0x08003868       0xa0 ./libs/FreeRTOS/src/tasks.o
                0x08003868                xTaskCheckForTimeOut
 .text.vTaskMissedYield
                0x08003908       0x18 ./libs/FreeRTOS/src/tasks.o
                0x08003908                vTaskMissedYield
 .text.prvIdleTask
                0x08003920       0x20 ./libs/FreeRTOS/src/tasks.o
 .text.prvInitialiseTCBVariables
                0x08003940       0x90 ./libs/FreeRTOS/src/tasks.o
 .text.prvInitialiseTaskLists
                0x080039d0       0x7c ./libs/FreeRTOS/src/tasks.o
 .text.prvCheckTasksWaitingTermination
                0x08003a4c       0x74 ./libs/FreeRTOS/src/tasks.o
 .text.prvAddCurrentTaskToDelayedList
                0x08003ac0       0x6c ./libs/FreeRTOS/src/tasks.o
 .text.prvAllocateTCBAndStack
                0x08003b2c       0x64 ./libs/FreeRTOS/src/tasks.o
 .text.prvDeleteTCB
                0x08003b90       0x20 ./libs/FreeRTOS/src/tasks.o
 .text.prvResetNextTaskUnblockTime
                0x08003bb0       0x48 ./libs/FreeRTOS/src/tasks.o
 .text.xTaskGetCurrentTaskHandle
                0x08003bf8       0x20 ./libs/FreeRTOS/src/tasks.o
                0x08003bf8                xTaskGetCurrentTaskHandle
 .text.xTaskGetSchedulerState
                0x08003c18       0x3c ./libs/FreeRTOS/src/tasks.o
                0x08003c18                xTaskGetSchedulerState
 .text.vTaskPriorityInherit
                0x08003c54       0xbc ./libs/FreeRTOS/src/tasks.o
                0x08003c54                vTaskPriorityInherit
 .text.vTaskPriorityDisinherit
                0x08003d10       0x84 ./libs/FreeRTOS/src/tasks.o
                0x08003d10                vTaskPriorityDisinherit
 .text.xTimerCreateTimerTask
                0x08003d94       0x58 ./libs/FreeRTOS/src/timers.o
                0x08003d94                xTimerCreateTimerTask
 .text.xTimerGenericCommand
                0x08003dec       0x8c ./libs/FreeRTOS/src/timers.o
                0x08003dec                xTimerGenericCommand
 .text.prvProcessExpiredTimer
                0x08003e78       0x70 ./libs/FreeRTOS/src/timers.o
 .text.prvTimerTask
                0x08003ee8       0x24 ./libs/FreeRTOS/src/timers.o
 .text.prvProcessTimerOrBlockTask
                0x08003f0c       0x6c ./libs/FreeRTOS/src/timers.o
 .text.prvGetNextExpireTime
                0x08003f78       0x48 ./libs/FreeRTOS/src/timers.o
 .text.prvSampleTimeNow
                0x08003fc0       0x40 ./libs/FreeRTOS/src/timers.o
 .text.prvInsertTimerInActiveList
                0x08004000       0x84 ./libs/FreeRTOS/src/timers.o
 .text.prvProcessReceivedCommands
                0x08004084       0xf8 ./libs/FreeRTOS/src/timers.o
 .text.prvSwitchTimerLists
                0x0800417c       0xb0 ./libs/FreeRTOS/src/timers.o
 .text.prvCheckForValidListAndQueue
                0x0800422c       0x78 ./libs/FreeRTOS/src/timers.o
 .text.pvPortMalloc
                0x080042a4      0x124 ./libs/FreeRTOS/portable/heap_2.o
                0x080042a4                pvPortMalloc
 .text.vPortFree
                0x080043c8       0x70 ./libs/FreeRTOS/portable/heap_2.o
                0x080043c8                vPortFree
 .text.prvHeapInit
                0x08004438       0x50 ./libs/FreeRTOS/portable/heap_2.o
 .text.pxPortInitialiseStack
                0x08004488       0x64 ./libs/FreeRTOS/portable/port.o
                0x08004488                pxPortInitialiseStack
 .text.prvTaskExitError
                0x080044ec       0x20 ./libs/FreeRTOS/portable/port.o
 .text.SVC_Handler
                0x0800450c       0x20 ./libs/FreeRTOS/portable/port.o
                0x0800450c                SVC_Handler
 .text.prvPortStartFirstTask
                0x0800452c       0x1c ./libs/FreeRTOS/portable/port.o
 .text.xPortStartScheduler
                0x08004548       0xd0 ./libs/FreeRTOS/portable/port.o
                0x08004548                xPortStartScheduler
 .text.vPortYield
                0x08004618       0x20 ./libs/FreeRTOS/portable/port.o
                0x08004618                vPortYield
 .text.vPortEnterCritical
                0x08004638       0x20 ./libs/FreeRTOS/portable/port.o
                0x08004638                vPortEnterCritical
 .text.vPortExitCritical
                0x08004658       0x30 ./libs/FreeRTOS/portable/port.o
                0x08004658                vPortExitCritical
 .text.ulPortSetInterruptMask
                0x08004688       0x14 ./libs/FreeRTOS/portable/port.o
                0x08004688                ulPortSetInterruptMask
 .text.vPortClearInterruptMask
                0x0800469c        0x8 ./libs/FreeRTOS/portable/port.o
                0x0800469c                vPortClearInterruptMask
 .text.PendSV_Handler
                0x080046a4       0x58 ./libs/FreeRTOS/portable/port.o
                0x080046a4                PendSV_Handler
 .text.SysTick_Handler
                0x080046fc       0x28 ./libs/FreeRTOS/portable/port.o
                0x080046fc                SysTick_Handler
 .text.vPortSetupTimerInterrupt
                0x08004724       0x24 ./libs/FreeRTOS/portable/port.o
                0x08004724                vPortSetupTimerInterrupt
 .text.vPortEnableVFP
                0x08004748       0x14 ./libs/FreeRTOS/portable/port.o
 .text.vPortValidateInterruptPriority
                0x0800475c       0x58 ./libs/FreeRTOS/portable/port.o
                0x0800475c                vPortValidateInterruptPriority
 .text.__errno  0x080047b4        0xc /opt/ARM/bin/../lib/gcc/arm-none-eabi/4.8.4/../../../../arm-none-eabi/lib/armv7e-m/softfp/libg.a(lib_a-errno.o)
                0x080047b4                __errno
 .text.memcmp   0x080047c0       0x68 /opt/ARM/bin/../lib/gcc/arm-none-eabi/4.8.4/../../../../arm-none-eabi/lib/armv7e-m/softfp/libg.a(lib_a-memcmp.o)
                0x080047c0                memcmp
 .text          0x08004828      0x134 /opt/ARM/bin/../lib/gcc/arm-none-eabi/4.8.4/../../../../arm-none-eabi/lib/armv7e-m/softfp/libg.a(lib_a-memcpy.o)
                0x08004828                memcpy
 .text.memset   0x0800495c       0x94 /opt/ARM/bin/../lib/gcc/arm-none-eabi/4.8.4/../../../../arm-none-eabi/lib/armv7e-m/softfp/libg.a(lib_a-memset.o)
                0x0800495c                memset
 .text.sprintf  0x080049f0       0x4c /opt/ARM/bin/../lib/gcc/arm-none-eabi/4.8.4/../../../../arm-none-eabi/lib/armv7e-m/softfp/libg.a(lib_a-sprintf.o)
                0x080049f0                sprintf
 *fill*         0x08004a3c        0x4 
 .text._svfprintf_r
                0x08004a40     0x1500 /opt/ARM/bin/../lib/gcc/arm-none-eabi/4.8.4/../../../../arm-none-eabi/lib/armv7e-m/softfp/libg.a(lib_a-svfprintf.o)
                0x08004a40                _svfprintf_r
 .text.quorem   0x08005f40      0x130 /opt/ARM/bin/../lib/gcc/arm-none-eabi/4.8.4/../../../../arm-none-eabi/lib/armv7e-m/softfp/libg.a(lib_a-dtoa.o)
 .text._dtoa_r  0x08006070      0xe30 /opt/ARM/bin/../lib/gcc/arm-none-eabi/4.8.4/../../../../arm-none-eabi/lib/armv7e-m/softfp/libg.a(lib_a-dtoa.o)
                0x08006070                _dtoa_r
 .text._localeconv_r
                0x08006ea0        0x8 /opt/ARM/bin/../lib/gcc/arm-none-eabi/4.8.4/../../../../arm-none-eabi/lib/armv7e-m/softfp/libg.a(lib_a-locale.o)
                0x08006ea0                _localeconv_r
 .text._malloc_r
                0x08006ea8      0x538 /opt/ARM/bin/../lib/gcc/arm-none-eabi/4.8.4/../../../../arm-none-eabi/lib/armv7e-m/softfp/libg.a(lib_a-mallocr.o)
                0x08006ea8                _malloc_r
 .text.memchr   0x080073e0       0x90 /opt/ARM/bin/../lib/gcc/arm-none-eabi/4.8.4/../../../../arm-none-eabi/lib/armv7e-m/softfp/libg.a(lib_a-memchr-stub.o)
                0x080073e0                memchr
 .text.__malloc_lock
                0x08007470        0x4 /opt/ARM/bin/../lib/gcc/arm-none-eabi/4.8.4/../../../../arm-none-eabi/lib/armv7e-m/softfp/libg.a(lib_a-mlock.o)
                0x08007470                __malloc_lock
 .text.__malloc_unlock
                0x08007474        0x4 /opt/ARM/bin/../lib/gcc/arm-none-eabi/4.8.4/../../../../arm-none-eabi/lib/armv7e-m/softfp/libg.a(lib_a-mlock.o)
                0x08007474                __malloc_unlock
 .text._Balloc  0x08007478       0x4c /opt/ARM/bin/../lib/gcc/arm-none-eabi/4.8.4/../../../../arm-none-eabi/lib/armv7e-m/softfp/libg.a(lib_a-mprec.o)
                0x08007478                _Balloc
 .text._Bfree   0x080074c4       0x14 /opt/ARM/bin/../lib/gcc/arm-none-eabi/4.8.4/../../../../arm-none-eabi/lib/armv7e-m/softfp/libg.a(lib_a-mprec.o)
                0x080074c4                _Bfree
 .text.__multadd
                0x080074d8       0x98 /opt/ARM/bin/../lib/gcc/arm-none-eabi/4.8.4/../../../../arm-none-eabi/lib/armv7e-m/softfp/libg.a(lib_a-mprec.o)
                0x080074d8                __multadd
 .text.__hi0bits
                0x08007570       0x40 /opt/ARM/bin/../lib/gcc/arm-none-eabi/4.8.4/../../../../arm-none-eabi/lib/armv7e-m/softfp/libg.a(lib_a-mprec.o)
                0x08007570                __hi0bits
 .text.__lo0bits
                0x080075b0       0x5c /opt/ARM/bin/../lib/gcc/arm-none-eabi/4.8.4/../../../../arm-none-eabi/lib/armv7e-m/softfp/libg.a(lib_a-mprec.o)
                0x080075b0                __lo0bits
 .text.__i2b    0x0800760c       0x14 /opt/ARM/bin/../lib/gcc/arm-none-eabi/4.8.4/../../../../arm-none-eabi/lib/armv7e-m/softfp/libg.a(lib_a-mprec.o)
                0x0800760c                __i2b
 .text.__multiply
                0x08007620      0x13c /opt/ARM/bin/../lib/gcc/arm-none-eabi/4.8.4/../../../../arm-none-eabi/lib/armv7e-m/softfp/libg.a(lib_a-mprec.o)
                0x08007620                __multiply
 .text.__pow5mult
                0x0800775c       0x9c /opt/ARM/bin/../lib/gcc/arm-none-eabi/4.8.4/../../../../arm-none-eabi/lib/armv7e-m/softfp/libg.a(lib_a-mprec.o)
                0x0800775c                __pow5mult
 .text.__lshift
                0x080077f8       0xbc /opt/ARM/bin/../lib/gcc/arm-none-eabi/4.8.4/../../../../arm-none-eabi/lib/armv7e-m/softfp/libg.a(lib_a-mprec.o)
                0x080077f8                __lshift
 .text.__mcmp   0x080078b4       0x48 /opt/ARM/bin/../lib/gcc/arm-none-eabi/4.8.4/../../../../arm-none-eabi/lib/armv7e-m/softfp/libg.a(lib_a-mprec.o)
                0x080078b4                __mcmp
 .text.__mdiff  0x080078fc       0xd4 /opt/ARM/bin/../lib/gcc/arm-none-eabi/4.8.4/../../../../arm-none-eabi/lib/armv7e-m/softfp/libg.a(lib_a-mprec.o)
                0x080078fc                __mdiff
 .text.__d2b    0x080079d0       0xbc /opt/ARM/bin/../lib/gcc/arm-none-eabi/4.8.4/../../../../arm-none-eabi/lib/armv7e-m/softfp/libg.a(lib_a-mprec.o)
                0x080079d0                __d2b
 .text.__fpclassifyd
                0x08007a8c       0x50 /opt/ARM/bin/../lib/gcc/arm-none-eabi/4.8.4/../../../../arm-none-eabi/lib/armv7e-m/softfp/libg.a(lib_a-s_fpclassify.o)
                0x08007a8c                __fpclassifyd
 .text._sbrk_r  0x08007adc       0x24 /opt/ARM/bin/../lib/gcc/arm-none-eabi/4.8.4/../../../../arm-none-eabi/lib/armv7e-m/softfp/libg.a(lib_a-sbrkr.o)
                0x08007adc                _sbrk_r
 .text.strlen   0x08007b00       0x60 /opt/ARM/bin/../lib/gcc/arm-none-eabi/4.8.4/../../../../arm-none-eabi/lib/armv7e-m/softfp/libg.a(lib_a-strlen.o)
                0x08007b00                strlen
 .text.__ssprint_r
                0x08007b60      0x100 /opt/ARM/bin/../lib/gcc/arm-none-eabi/4.8.4/../../../../arm-none-eabi/lib/armv7e-m/softfp/libg.a(lib_a-svfiprintf.o)
                0x08007b60                __ssprint_r
 .text._calloc_r
                0x08007c60       0x60 /opt/ARM/bin/../lib/gcc/arm-none-eabi/4.8.4/../../../../arm-none-eabi/lib/armv7e-m/softfp/libg.a(lib_a-callocr.o)
                0x08007c60                _calloc_r
 .text._malloc_trim_r
                0x08007cc0       0x9c /opt/ARM/bin/../lib/gcc/arm-none-eabi/4.8.4/../../../../arm-none-eabi/lib/armv7e-m/softfp/libg.a(lib_a-freer.o)
                0x08007cc0                _malloc_trim_r
 .text._free_r  0x08007d5c      0x19c /opt/ARM/bin/../lib/gcc/arm-none-eabi/4.8.4/../../../../arm-none-eabi/lib/armv7e-m/softfp/libg.a(lib_a-freer.o)
                0x08007d5c                _free_r
 .text.memmove  0x08007ef8       0xc0 /opt/ARM/bin/../lib/gcc/arm-none-eabi/4.8.4/../../../../arm-none-eabi/lib/armv7e-m/softfp/libg.a(lib_a-memmove.o)
                0x08007ef8                memmove
 .text._realloc_r
                0x08007fb8      0x3cc /opt/ARM/bin/../lib/gcc/arm-none-eabi/4.8.4/../../../../arm-none-eabi/lib/armv7e-m/softfp/libg.a(lib_a-reallocr.o)
                0x08007fb8                _realloc_r
 .text          0x08008384      0x370 /opt/ARM/bin/../lib/gcc/arm-none-eabi/4.8.4/armv7e-m/softfp/libgcc.a(_arm_addsubdf3.o)
                0x08008384                __aeabi_drsub
                0x0800838c                __aeabi_dsub
                0x0800838c                __subdf3
                0x08008390                __adddf3
                0x08008390                __aeabi_dadd
                0x08008608                __aeabi_ui2d
                0x08008608                __floatunsidf
                0x08008628                __floatsidf
                0x08008628                __aeabi_i2d
                0x0800864c                __extendsfdf2
                0x0800864c                __aeabi_f2d
                0x08008688                __aeabi_ul2d
                0x08008688                __floatundidf
                0x08008698                __floatdidf
                0x08008698                __aeabi_l2d
 .text          0x080086f4      0x424 /opt/ARM/bin/../lib/gcc/arm-none-eabi/4.8.4/armv7e-m/softfp/libgcc.a(_arm_muldivdf3.o)
                0x080086f4                __aeabi_dmul
                0x080086f4                __muldf3
                0x08008948                __aeabi_ddiv
                0x08008948                __divdf3
 .text          0x08008b18      0x110 /opt/ARM/bin/../lib/gcc/arm-none-eabi/4.8.4/armv7e-m/softfp/libgcc.a(_arm_cmpdf2.o)
                0x08008b18                __gtdf2
                0x08008b18                __gedf2
                0x08008b20                __ltdf2
                0x08008b20                __ledf2
                0x08008b28                __cmpdf2
                0x08008b28                __eqdf2
                0x08008b28                __nedf2
                0x08008ba4                __aeabi_cdrcmple
                0x08008bb4                __aeabi_cdcmple
                0x08008bb4                __aeabi_cdcmpeq
                0x08008bc4                __aeabi_dcmpeq
                0x08008bd8                __aeabi_dcmplt
                0x08008bec                __aeabi_dcmple
                0x08008c00                __aeabi_dcmpge
                0x08008c14                __aeabi_dcmpgt
 .text          0x08008c28       0x50 /opt/ARM/bin/../lib/gcc/arm-none-eabi/4.8.4/armv7e-m/softfp/libgcc.a(_arm_fixdfsi.o)
                0x08008c28                __fixdfsi
                0x08008c28                __aeabi_d2iz
 .text          0x08008c78       0x2c /opt/ARM/bin/../lib/gcc/arm-none-eabi/4.8.4/armv7e-m/softfp/libgcc.a(_aeabi_uldivmod.o)
                0x08008c78                __aeabi_uldivmod
 .text          0x08008ca4       0x60 /opt/ARM/bin/../lib/gcc/arm-none-eabi/4.8.4/armv7e-m/softfp/libgcc.a(bpabi.o)
                0x08008ca4                __gnu_ldivmod_helper
                0x08008cd4                __gnu_uldivmod_helper
 .text          0x08008d04        0x4 /opt/ARM/bin/../lib/gcc/arm-none-eabi/4.8.4/armv7e-m/softfp/libgcc.a(_dvmd_tls.o)
                0x08008d04                __aeabi_ldiv0
                0x08008d04                __aeabi_idiv0
 .text          0x08008d08      0x298 /opt/ARM/bin/../lib/gcc/arm-none-eabi/4.8.4/armv7e-m/softfp/libgcc.a(_divdi3.o)
                0x08008d08                __divdi3
 .text          0x08008fa0      0x284 /opt/ARM/bin/../lib/gcc/arm-none-eabi/4.8.4/armv7e-m/softfp/libgcc.a(_udivdi3.o)
                0x08008fa0                __udivdi3
 *(.rodata .rodata.*)
 .rodata        0x08009224      0x1c0 ./src/main.o
 .rodata        0x080093e4        0x8 ./libs/FreeRTOS/src/tasks.o
 .rodata.ucExpectedStackBytes.5294
                0x080093ec       0x14 ./libs/FreeRTOS/src/tasks.o
 .rodata        0x08009400       0x10 ./libs/FreeRTOS/src/timers.o
 .rodata.str1.4
                0x08009410        0x2 /opt/ARM/bin/../lib/gcc/arm-none-eabi/4.8.4/../../../../arm-none-eabi/lib/armv7e-m/softfp/libg.a(lib_a-impure.o)
                                  0x4 (size before relaxing)
 *fill*         0x08009412        0x2 
 .rodata.zeroes.6763
                0x08009414       0x10 /opt/ARM/bin/../lib/gcc/arm-none-eabi/4.8.4/../../../../arm-none-eabi/lib/armv7e-m/softfp/libg.a(lib_a-svfprintf.o)
 .rodata.str1.4
                0x08009424       0x42 /opt/ARM/bin/../lib/gcc/arm-none-eabi/4.8.4/../../../../arm-none-eabi/lib/armv7e-m/softfp/libg.a(lib_a-svfprintf.o)
                                 0x44 (size before relaxing)
 *fill*         0x08009466        0x2 
 .rodata.blanks.6762
                0x08009468       0x10 /opt/ARM/bin/../lib/gcc/arm-none-eabi/4.8.4/../../../../arm-none-eabi/lib/armv7e-m/softfp/libg.a(lib_a-svfprintf.o)
 .rodata.str1.4
                0x08009478       0x10 /opt/ARM/bin/../lib/gcc/arm-none-eabi/4.8.4/../../../../arm-none-eabi/lib/armv7e-m/softfp/libg.a(lib_a-dtoa.o)
                                 0x14 (size before relaxing)
 .rodata.str1.4
                0x08009488        0xc /opt/ARM/bin/../lib/gcc/arm-none-eabi/4.8.4/../../../../arm-none-eabi/lib/armv7e-m/softfp/libg.a(lib_a-locale.o)
                                 0x14 (size before relaxing)
 *fill*         0x08009494        0x4 
 .rodata.__mprec_tens
                0x08009498       0xc8 /opt/ARM/bin/../lib/gcc/arm-none-eabi/4.8.4/../../../../arm-none-eabi/lib/armv7e-m/softfp/libg.a(lib_a-mprec.o)
                0x08009498                __mprec_tens
 .rodata.__mprec_bigtens
                0x08009560       0x28 /opt/ARM/bin/../lib/gcc/arm-none-eabi/4.8.4/../../../../arm-none-eabi/lib/armv7e-m/softfp/libg.a(lib_a-mprec.o)
                0x08009560                __mprec_bigtens
 .rodata.p05.5269
                0x08009588        0xc /opt/ARM/bin/../lib/gcc/arm-none-eabi/4.8.4/../../../../arm-none-eabi/lib/armv7e-m/softfp/libg.a(lib_a-mprec.o)
 *(.eh_frame*)
 *(.glue_7)
 .glue_7        0x00000000        0x0 linker stubs
 *(.glue_7t)
 .glue_7t       0x00000000        0x0 linker stubs

.vfp11_veneer   0x08009594        0x0
 .vfp11_veneer  0x00000000        0x0 linker stubs

.v4_bx          0x08009594        0x0
 .v4_bx         0x00000000        0x0 linker stubs

.iplt           0x08009594        0x0
 .iplt          0x00000000        0x0 ./src/main.o

.ARM.extab
 *(.ARM.extab* .gnu.linkonce.armextab.*)
                0x08009594                __exidx_start = .

.ARM.exidx      0x08009594        0x8
 *(.ARM.exidx* .gnu.linkonce.armexidx.*)
 .ARM.exidx     0x08009594        0x8 /opt/ARM/bin/../lib/gcc/arm-none-eabi/4.8.4/armv7e-m/softfp/libgcc.a(_divdi3.o)
 .ARM.exidx     0x0800959c        0x0 /opt/ARM/bin/../lib/gcc/arm-none-eabi/4.8.4/armv7e-m/softfp/libgcc.a(_udivdi3.o)
                                  0x8 (size before relaxing)
                0x0800959c                __exidx_end = .

.rel.dyn        0x0800959c        0x0
 .rel.iplt      0x00000000        0x0 ./src/main.o
                0x0800959c                . = ALIGN (0x4)
                0x0800959c                _etext = .
                0x0800959c                _sidata = _etext

.ROarraySection
 *(.ROarraySection .ROarraySection.*)

.data           0x20000000      0x894 load address 0x0800959c
                0x20000000                . = ALIGN (0x4)
                0x20000000                _sdata = .
                0x20000000                __data_start__ = .
 *(vtable)
 *(.data .data.*)
 .data.APBAHBPrescTable
                0x20000000       0x10 ./libs/StdPeriph/src/stm32f4xx_rcc.o
 .data.xNextTaskUnblockTime
                0x20000010        0x4 ./libs/FreeRTOS/src/tasks.o
 .data.xFreeBytesRemaining
                0x20000014        0x4 ./libs/FreeRTOS/portable/heap_2.o
 .data.uxCriticalNesting
                0x20000018        0x4 ./libs/FreeRTOS/portable/port.o
 *fill*         0x2000001c        0x4 
 .data.impure_data
                0x20000020      0x428 /opt/ARM/bin/../lib/gcc/arm-none-eabi/4.8.4/../../../../arm-none-eabi/lib/armv7e-m/softfp/libg.a(lib_a-impure.o)
 .data._impure_ptr
                0x20000448        0x4 /opt/ARM/bin/../lib/gcc/arm-none-eabi/4.8.4/../../../../arm-none-eabi/lib/armv7e-m/softfp/libg.a(lib_a-impure.o)
                0x20000448                _impure_ptr
 .data.lconv    0x2000044c       0x38 /opt/ARM/bin/../lib/gcc/arm-none-eabi/4.8.4/../../../../arm-none-eabi/lib/armv7e-m/softfp/libg.a(lib_a-locale.o)
 .data.__malloc_av_
                0x20000484      0x408 /opt/ARM/bin/../lib/gcc/arm-none-eabi/4.8.4/../../../../arm-none-eabi/lib/armv7e-m/softfp/libg.a(lib_a-mallocr.o)
                0x20000484                __malloc_av_
 .data.__malloc_trim_threshold
                0x2000088c        0x4 /opt/ARM/bin/../lib/gcc/arm-none-eabi/4.8.4/../../../../arm-none-eabi/lib/armv7e-m/softfp/libg.a(lib_a-mallocr.o)
                0x2000088c                __malloc_trim_threshold
 .data.__malloc_sbrk_base
                0x20000890        0x4 /opt/ARM/bin/../lib/gcc/arm-none-eabi/4.8.4/../../../../arm-none-eabi/lib/armv7e-m/softfp/libg.a(lib_a-mallocr.o)
                0x20000890                __malloc_sbrk_base
                0x20000894                . = ALIGN (0x4)
                0x20000894                _edata = .
                0x20000894                __data_end__ = .

.igot.plt       0x20000894        0x0 load address 0x08009e30
 .igot.plt      0x00000000        0x0 ./src/main.o

.bss            0x20000894     0x5028 load address 0x08009e30
                0x20000894                . = ALIGN (0x4)
                0x20000894                __bss_start__ = .
                0x20000894                _sbss = .
 *(.bss .bss.*)
 .bss.roundTime
                0x20000894       0x10 ./src/main.o
                0x20000894                roundTime
 .bss.roundLastTime
                0x200008a4       0x10 ./src/main.o
                0x200008a4                roundLastTime
 .bss.usFlag1   0x200008b4        0x1 ./src/main.o
                0x200008b4                usFlag1
 .bss.usFlag2   0x200008b5        0x1 ./src/main.o
                0x200008b5                usFlag2
 *fill*         0x200008b6        0x2 
 .bss.us_data   0x200008b8       0xa0 ./src/main.o
                0x200008b8                us_data
 .bss.ros_data  0x20000958      0x140 ./src/main.o
                0x20000958                ros_data
 .bss.adc_data  0x20000a98      0x7d0 ./src/main.o
                0x20000a98                adc_data
 .bss.current_heap_end.4287
                0x20001268        0x4 ./libs/misc/src/_sbrk.o
 .bss.pxCurrentTCB
                0x2000126c        0x4 ./libs/FreeRTOS/src/tasks.o
                0x2000126c                pxCurrentTCB
 .bss.pxReadyTasksLists
                0x20001270       0x64 ./libs/FreeRTOS/src/tasks.o
 .bss.xDelayedTaskList1
                0x200012d4       0x14 ./libs/FreeRTOS/src/tasks.o
 .bss.xDelayedTaskList2
                0x200012e8       0x14 ./libs/FreeRTOS/src/tasks.o
 .bss.pxDelayedTaskList
                0x200012fc        0x4 ./libs/FreeRTOS/src/tasks.o
 .bss.pxOverflowDelayedTaskList
                0x20001300        0x4 ./libs/FreeRTOS/src/tasks.o
 .bss.xPendingReadyList
                0x20001304       0x14 ./libs/FreeRTOS/src/tasks.o
 .bss.xTasksWaitingTermination
                0x20001318       0x14 ./libs/FreeRTOS/src/tasks.o
 .bss.uxTasksDeleted
                0x2000132c        0x4 ./libs/FreeRTOS/src/tasks.o
 .bss.xSuspendedTaskList
                0x20001330       0x14 ./libs/FreeRTOS/src/tasks.o
 .bss.uxCurrentNumberOfTasks
                0x20001344        0x4 ./libs/FreeRTOS/src/tasks.o
 .bss.xTickCount
                0x20001348        0x4 ./libs/FreeRTOS/src/tasks.o
 .bss.uxTopReadyPriority
                0x2000134c        0x4 ./libs/FreeRTOS/src/tasks.o
 .bss.xSchedulerRunning
                0x20001350        0x4 ./libs/FreeRTOS/src/tasks.o
 .bss.uxSchedulerSuspended
                0x20001354        0x4 ./libs/FreeRTOS/src/tasks.o
 .bss.uxPendedTicks
                0x20001358        0x4 ./libs/FreeRTOS/src/tasks.o
 .bss.xYieldPending
                0x2000135c        0x4 ./libs/FreeRTOS/src/tasks.o
 .bss.xNumOfOverflows
                0x20001360        0x4 ./libs/FreeRTOS/src/tasks.o
 .bss.uxTaskNumber
                0x20001364        0x4 ./libs/FreeRTOS/src/tasks.o
 .bss.xActiveTimerList1
                0x20001368       0x14 ./libs/FreeRTOS/src/timers.o
 .bss.xActiveTimerList2
                0x2000137c       0x14 ./libs/FreeRTOS/src/timers.o
 .bss.pxCurrentTimerList
                0x20001390        0x4 ./libs/FreeRTOS/src/timers.o
 .bss.pxOverflowTimerList
                0x20001394        0x4 ./libs/FreeRTOS/src/timers.o
 .bss.xTimerQueue
                0x20001398        0x4 ./libs/FreeRTOS/src/timers.o
 .bss.xLastTime.5133
                0x2000139c        0x4 ./libs/FreeRTOS/src/timers.o
 .bss.ucHeap    0x200013a0     0x4400 ./libs/FreeRTOS/portable/heap_2.o
 .bss.xStart    0x200057a0        0x8 ./libs/FreeRTOS/portable/heap_2.o
 .bss.xEnd      0x200057a8        0x8 ./libs/FreeRTOS/portable/heap_2.o
 .bss.xHeapHasBeenInitialised.4908
                0x200057b0        0x4 ./libs/FreeRTOS/portable/heap_2.o
 .bss.ucMaxSysCallPriority
                0x200057b4        0x1 ./libs/FreeRTOS/portable/port.o
 *fill*         0x200057b5        0x3 
 .bss.ulMaxPRIGROUPValue
                0x200057b8        0x4 ./libs/FreeRTOS/portable/port.o
 .bss.__malloc_max_total_mem
                0x200057bc        0x4 /opt/ARM/bin/../lib/gcc/arm-none-eabi/4.8.4/../../../../arm-none-eabi/lib/armv7e-m/softfp/libg.a(lib_a-mallocr.o)
                0x200057bc                __malloc_max_total_mem
 .bss.__malloc_max_sbrked_mem
                0x200057c0        0x4 /opt/ARM/bin/../lib/gcc/arm-none-eabi/4.8.4/../../../../arm-none-eabi/lib/armv7e-m/softfp/libg.a(lib_a-mallocr.o)
                0x200057c0                __malloc_max_sbrked_mem
 .bss.__malloc_top_pad
                0x200057c4        0x4 /opt/ARM/bin/../lib/gcc/arm-none-eabi/4.8.4/../../../../arm-none-eabi/lib/armv7e-m/softfp/libg.a(lib_a-mallocr.o)
                0x200057c4                __malloc_top_pad
 .bss.__malloc_current_mallinfo
                0x200057c8       0x28 /opt/ARM/bin/../lib/gcc/arm-none-eabi/4.8.4/../../../../arm-none-eabi/lib/armv7e-m/softfp/libg.a(lib_a-mallocr.o)
                0x200057c8                __malloc_current_mallinfo
 *(COMMON)
 COMMON         0x200057f0       0x7c ./src/main.o
                0x200057f0                usQueue
                0x200057f4                xUS_2
                0x200057f8                xUS_1
                0x200057fc                adcQueue
                0x20005800                rosQueue
                0x20005804                str_buffer
                0x20005868                roundFlag
 COMMON         0x2000586c        0xa ./src/myFunction.o
                0x2000586c                ADCValue
 *fill*         0x20005876        0x2 
 COMMON         0x20005878       0x40 ./libs/FreeRTOS/src/queue.o
                0x20005878                xQueueRegistry
 COMMON         0x200058b8        0x4 /opt/ARM/bin/../lib/gcc/arm-none-eabi/4.8.4/../../../../arm-none-eabi/lib/armv7e-m/softfp/libg.a(lib_a-reent.o)
                0x200058b8                errno
                0x200058bc                . = ALIGN (0x4)
                0x200058bc                __bss_end__ = .
                0x200058bc                _ebss = .

.noinit         0x200058bc        0x0
                0x200058bc                . = ALIGN (0x4)
                0x200058bc                _noinit = .
 *(.noinit .noinit.*)
                0x200058bc                . = ALIGN (0x4)
                0x200058bc                _end_noinit = .
                0x200058bc                PROVIDE (end, _end_noinit)
                0x200058bc                PROVIDE (_end, _end_noinit)

._check_stack   0x200058bc      0x100 load address 0x0800ee58
                0x200058bc                . = ALIGN (0x4)
                0x200059bc                . = (. + _Minimum_Stack_Size)
 *fill*         0x200058bc      0x100 
                0x200059bc                . = ALIGN (0x4)

.bss_CCMRAM
 *(.bss.CCMRAM .bss.CCMRAM.*)

.b1text
 *(.b1text)
 *(.b1rodata)
 *(.b1rodata.*)

.eb0text
 *(.eb0text)
 *(.eb0rodata)
 *(.eb0rodata.*)

.eb1text
 *(.eb1text)
 *(.eb1rodata)
 *(.eb1rodata.*)

.eb2text
 *(.eb2text)
 *(.eb2rodata)
 *(.eb2rodata.*)

.eb3text
 *(.eb3text)
 *(.eb3rodata)
 *(.eb3rodata.*)

.stab
 *(.stab)

.stabstr
 *(.stabstr)

.stab.excl
 *(.stab.excl)

.stab.exclstr
 *(.stab.exclstr)

.stab.index
 *(.stab.index)

.stab.indexstr
 *(.stab.indexstr)

.comment        0x00000000       0x70
 *(.comment)
 .comment       0x00000000       0x70 ./src/main.o
                                 0x71 (size before relaxing)
 .comment       0x00000000       0x71 ./src/myFunction.o
 .comment       0x00000000       0x71 ./libs/misc/src/_sbrk.o
 .comment       0x00000000       0x71 ./libs/cmsis/src/startup_cm.o
 .comment       0x00000000       0x71 ./libs/cmsis/src/startup_stm32f4xx.o
 .comment       0x00000000       0x71 ./libs/cmsis/src/system_stm32f4xx.o
 .comment       0x00000000       0x71 ./libs/cmsis/src/vectors_stm32f4xx.o
 .comment       0x00000000       0x71 ./libs/StdPeriph/src/misc.o
 .comment       0x00000000       0x71 ./libs/StdPeriph/src/stm32f4xx_adc.o
 .comment       0x00000000       0x71 ./libs/StdPeriph/src/stm32f4xx_dma.o
 .comment       0x00000000       0x71 ./libs/StdPeriph/src/stm32f4xx_exti.o
 .comment       0x00000000       0x71 ./libs/StdPeriph/src/stm32f4xx_gpio.o
 .comment       0x00000000       0x71 ./libs/StdPeriph/src/stm32f4xx_rcc.o
 .comment       0x00000000       0x71 ./libs/StdPeriph/src/stm32f4xx_syscfg.o
 .comment       0x00000000       0x71 ./libs/StdPeriph/src/stm32f4xx_tim.o
 .comment       0x00000000       0x71 ./libs/StdPeriph/src/stm32f4xx_usart.o
 .comment       0x00000000       0x71 ./libs/FreeRTOS/src/list.o
 .comment       0x00000000       0x71 ./libs/FreeRTOS/src/queue.o
 .comment       0x00000000       0x71 ./libs/FreeRTOS/src/tasks.o
 .comment       0x00000000       0x71 ./libs/FreeRTOS/src/timers.o
 .comment       0x00000000       0x71 ./libs/FreeRTOS/portable/heap_2.o
 .comment       0x00000000       0x71 ./libs/FreeRTOS/portable/port.o

.ARM.attributes
                0x00000000       0x35
 .ARM.attributes
                0x00000000       0x37 ./src/main.o
 .ARM.attributes
                0x00000037       0x37 ./src/myFunction.o
 .ARM.attributes
                0x0000006e       0x37 ./libs/misc/src/_sbrk.o
 .ARM.attributes
                0x000000a5       0x37 ./libs/cmsis/src/startup_cm.o
 .ARM.attributes
                0x000000dc       0x37 ./libs/cmsis/src/startup_stm32f4xx.o
 .ARM.attributes
                0x00000113       0x37 ./libs/cmsis/src/system_stm32f4xx.o
 .ARM.attributes
                0x0000014a       0x37 ./libs/cmsis/src/vectors_stm32f4xx.o
 .ARM.attributes
                0x00000181       0x37 ./libs/StdPeriph/src/misc.o
 .ARM.attributes
                0x000001b8       0x37 ./libs/StdPeriph/src/stm32f4xx_adc.o
 .ARM.attributes
                0x000001ef       0x37 ./libs/StdPeriph/src/stm32f4xx_dma.o
 .ARM.attributes
                0x00000226       0x37 ./libs/StdPeriph/src/stm32f4xx_exti.o
 .ARM.attributes
                0x0000025d       0x37 ./libs/StdPeriph/src/stm32f4xx_gpio.o
 .ARM.attributes
                0x00000294       0x37 ./libs/StdPeriph/src/stm32f4xx_rcc.o
 .ARM.attributes
                0x000002cb       0x37 ./libs/StdPeriph/src/stm32f4xx_syscfg.o
 .ARM.attributes
                0x00000302       0x37 ./libs/StdPeriph/src/stm32f4xx_tim.o
 .ARM.attributes
                0x00000339       0x37 ./libs/StdPeriph/src/stm32f4xx_usart.o
 .ARM.attributes
                0x00000370       0x37 ./libs/FreeRTOS/src/list.o
 .ARM.attributes
                0x000003a7       0x37 ./libs/FreeRTOS/src/queue.o
 .ARM.attributes
                0x000003de       0x37 ./libs/FreeRTOS/src/tasks.o
 .ARM.attributes
                0x00000415       0x37 ./libs/FreeRTOS/src/timers.o
 .ARM.attributes
                0x0000044c       0x37 ./libs/FreeRTOS/portable/heap_2.o
 .ARM.attributes
                0x00000483       0x37 ./libs/FreeRTOS/portable/port.o
 .ARM.attributes
                0x000004ba       0x32 /opt/ARM/bin/../lib/gcc/arm-none-eabi/4.8.4/../../../../arm-none-eabi/lib/armv7e-m/softfp/libg.a(lib_a-errno.o)
 .ARM.attributes
                0x000004ec       0x32 /opt/ARM/bin/../lib/gcc/arm-none-eabi/4.8.4/../../../../arm-none-eabi/lib/armv7e-m/softfp/libg.a(lib_a-impure.o)
 .ARM.attributes
                0x0000051e       0x32 /opt/ARM/bin/../lib/gcc/arm-none-eabi/4.8.4/../../../../arm-none-eabi/lib/armv7e-m/softfp/libg.a(lib_a-memcmp.o)
 .ARM.attributes
                0x00000550       0x20 /opt/ARM/bin/../lib/gcc/arm-none-eabi/4.8.4/../../../../arm-none-eabi/lib/armv7e-m/softfp/libg.a(lib_a-memcpy.o)
 .ARM.attributes
                0x00000570       0x32 /opt/ARM/bin/../lib/gcc/arm-none-eabi/4.8.4/../../../../arm-none-eabi/lib/armv7e-m/softfp/libg.a(lib_a-memset.o)
 .ARM.attributes
                0x000005a2       0x32 /opt/ARM/bin/../lib/gcc/arm-none-eabi/4.8.4/../../../../arm-none-eabi/lib/armv7e-m/softfp/libg.a(lib_a-sprintf.o)
 .ARM.attributes
                0x000005d4       0x32 /opt/ARM/bin/../lib/gcc/arm-none-eabi/4.8.4/../../../../arm-none-eabi/lib/armv7e-m/softfp/libg.a(lib_a-svfprintf.o)
 .ARM.attributes
                0x00000606       0x32 /opt/ARM/bin/../lib/gcc/arm-none-eabi/4.8.4/../../../../arm-none-eabi/lib/armv7e-m/softfp/libg.a(lib_a-dtoa.o)
 .ARM.attributes
                0x00000638       0x32 /opt/ARM/bin/../lib/gcc/arm-none-eabi/4.8.4/../../../../arm-none-eabi/lib/armv7e-m/softfp/libg.a(lib_a-locale.o)
 .ARM.attributes
                0x0000066a       0x32 /opt/ARM/bin/../lib/gcc/arm-none-eabi/4.8.4/../../../../arm-none-eabi/lib/armv7e-m/softfp/libg.a(lib_a-mallocr.o)
 .ARM.attributes
                0x0000069c       0x32 /opt/ARM/bin/../lib/gcc/arm-none-eabi/4.8.4/../../../../arm-none-eabi/lib/armv7e-m/softfp/libg.a(lib_a-memchr-stub.o)
 .ARM.attributes
                0x000006ce       0x32 /opt/ARM/bin/../lib/gcc/arm-none-eabi/4.8.4/../../../../arm-none-eabi/lib/armv7e-m/softfp/libg.a(lib_a-mlock.o)
 .ARM.attributes
                0x00000700       0x32 /opt/ARM/bin/../lib/gcc/arm-none-eabi/4.8.4/../../../../arm-none-eabi/lib/armv7e-m/softfp/libg.a(lib_a-mprec.o)
 .ARM.attributes
                0x00000732       0x32 /opt/ARM/bin/../lib/gcc/arm-none-eabi/4.8.4/../../../../arm-none-eabi/lib/armv7e-m/softfp/libg.a(lib_a-s_fpclassify.o)
 .ARM.attributes
                0x00000764       0x32 /opt/ARM/bin/../lib/gcc/arm-none-eabi/4.8.4/../../../../arm-none-eabi/lib/armv7e-m/softfp/libg.a(lib_a-sbrkr.o)
 .ARM.attributes
                0x00000796       0x32 /opt/ARM/bin/../lib/gcc/arm-none-eabi/4.8.4/../../../../arm-none-eabi/lib/armv7e-m/softfp/libg.a(lib_a-strlen.o)
 .ARM.attributes
                0x000007c8       0x32 /opt/ARM/bin/../lib/gcc/arm-none-eabi/4.8.4/../../../../arm-none-eabi/lib/armv7e-m/softfp/libg.a(lib_a-svfiprintf.o)
 .ARM.attributes
                0x000007fa       0x32 /opt/ARM/bin/../lib/gcc/arm-none-eabi/4.8.4/../../../../arm-none-eabi/lib/armv7e-m/softfp/libg.a(lib_a-callocr.o)
 .ARM.attributes
                0x0000082c       0x32 /opt/ARM/bin/../lib/gcc/arm-none-eabi/4.8.4/../../../../arm-none-eabi/lib/armv7e-m/softfp/libg.a(lib_a-freer.o)
 .ARM.attributes
                0x0000085e       0x32 /opt/ARM/bin/../lib/gcc/arm-none-eabi/4.8.4/../../../../arm-none-eabi/lib/armv7e-m/softfp/libg.a(lib_a-memmove.o)
 .ARM.attributes
                0x00000890       0x32 /opt/ARM/bin/../lib/gcc/arm-none-eabi/4.8.4/../../../../arm-none-eabi/lib/armv7e-m/softfp/libg.a(lib_a-reallocr.o)
 .ARM.attributes
                0x000008c2       0x32 /opt/ARM/bin/../lib/gcc/arm-none-eabi/4.8.4/../../../../arm-none-eabi/lib/armv7e-m/softfp/libg.a(lib_a-reent.o)
 .ARM.attributes
                0x000008f4       0x22 /opt/ARM/bin/../lib/gcc/arm-none-eabi/4.8.4/armv7e-m/softfp/libgcc.a(_arm_addsubdf3.o)
 .ARM.attributes
                0x00000916       0x22 /opt/ARM/bin/../lib/gcc/arm-none-eabi/4.8.4/armv7e-m/softfp/libgcc.a(_arm_muldivdf3.o)
 .ARM.attributes
                0x00000938       0x22 /opt/ARM/bin/../lib/gcc/arm-none-eabi/4.8.4/armv7e-m/softfp/libgcc.a(_arm_cmpdf2.o)
 .ARM.attributes
                0x0000095a       0x22 /opt/ARM/bin/../lib/gcc/arm-none-eabi/4.8.4/armv7e-m/softfp/libgcc.a(_arm_fixdfsi.o)
 .ARM.attributes
                0x0000097c       0x22 /opt/ARM/bin/../lib/gcc/arm-none-eabi/4.8.4/armv7e-m/softfp/libgcc.a(_aeabi_uldivmod.o)
 .ARM.attributes
                0x0000099e       0x32 /opt/ARM/bin/../lib/gcc/arm-none-eabi/4.8.4/armv7e-m/softfp/libgcc.a(bpabi.o)
 .ARM.attributes
                0x000009d0       0x22 /opt/ARM/bin/../lib/gcc/arm-none-eabi/4.8.4/armv7e-m/softfp/libgcc.a(_dvmd_tls.o)
 .ARM.attributes
                0x000009f2       0x32 /opt/ARM/bin/../lib/gcc/arm-none-eabi/4.8.4/armv7e-m/softfp/libgcc.a(_divdi3.o)
 .ARM.attributes
                0x00000a24       0x32 /opt/ARM/bin/../lib/gcc/arm-none-eabi/4.8.4/armv7e-m/softfp/libgcc.a(_udivdi3.o)

.debug
 *(.debug)

.line
 *(.line)

.debug_srcinfo
 *(.debug_srcinfo)

.debug_sfnames
 *(.debug_sfnames)

.debug_aranges  0x00000000      0xf58
 *(.debug_aranges)
 .debug_aranges
                0x00000000       0xb8 ./src/main.o
 .debug_aranges
                0x000000b8       0x58 ./src/myFunction.o
 .debug_aranges
                0x00000110       0x20 ./libs/misc/src/_sbrk.o
 .debug_aranges
                0x00000130       0x38 ./libs/cmsis/src/startup_cm.o
 .debug_aranges
                0x00000168       0x28 ./libs/cmsis/src/startup_stm32f4xx.o
 .debug_aranges
                0x00000190       0x30 ./libs/cmsis/src/system_stm32f4xx.o
 .debug_aranges
                0x000001c0       0x68 ./libs/cmsis/src/vectors_stm32f4xx.o
 .debug_aranges
                0x00000228       0x40 ./libs/StdPeriph/src/misc.o
 .debug_aranges
                0x00000268      0x148 ./libs/StdPeriph/src/stm32f4xx_adc.o
 .debug_aranges
                0x000003b0       0xb0 ./libs/StdPeriph/src/stm32f4xx_dma.o
 .debug_aranges
                0x00000460       0x58 ./libs/StdPeriph/src/stm32f4xx_exti.o
 .debug_aranges
                0x000004b8       0x88 ./libs/StdPeriph/src/stm32f4xx_gpio.o
 .debug_aranges
                0x00000540      0x1b8 ./libs/StdPeriph/src/stm32f4xx_rcc.o
 .debug_aranges
                0x000006f8       0x50 ./libs/StdPeriph/src/stm32f4xx_syscfg.o
 .debug_aranges
                0x00000748      0x2f8 ./libs/StdPeriph/src/stm32f4xx_tim.o
 .debug_aranges
                0x00000a40      0x100 ./libs/StdPeriph/src/stm32f4xx_usart.o
 .debug_aranges
                0x00000b40       0x40 ./libs/FreeRTOS/src/list.o
 .debug_aranges
                0x00000b80       0xf8 ./libs/FreeRTOS/src/queue.o
 .debug_aranges
                0x00000c78      0x180 ./libs/FreeRTOS/src/tasks.o
 .debug_aranges
                0x00000df8       0x88 ./libs/FreeRTOS/src/timers.o
 .debug_aranges
                0x00000e80       0x40 ./libs/FreeRTOS/portable/heap_2.o
 .debug_aranges
                0x00000ec0       0x98 ./libs/FreeRTOS/portable/port.o

.debug_pubnames
 *(.debug_pubnames)

.debug_info     0x00000000     0xad93
 *(.debug_info .gnu.linkonce.wi.*)
 .debug_info    0x00000000      0xcf3 ./src/main.o
 .debug_info    0x00000cf3      0xe10 ./src/myFunction.o
 .debug_info    0x00001b03      0x109 ./libs/misc/src/_sbrk.o
 .debug_info    0x00001c0c      0x29c ./libs/cmsis/src/startup_cm.o
 .debug_info    0x00001ea8       0xe4 ./libs/cmsis/src/startup_stm32f4xx.o
 .debug_info    0x00001f8c      0x5c4 ./libs/cmsis/src/system_stm32f4xx.o
 .debug_info    0x00002550      0x135 ./libs/cmsis/src/vectors_stm32f4xx.o
 .debug_info    0x00002685      0x545 ./libs/StdPeriph/src/misc.o
 .debug_info    0x00002bca      0xc40 ./libs/StdPeriph/src/stm32f4xx_adc.o
 .debug_info    0x0000380a      0x741 ./libs/StdPeriph/src/stm32f4xx_dma.o
 .debug_info    0x00003f4b      0x340 ./libs/StdPeriph/src/stm32f4xx_exti.o
 .debug_info    0x0000428b      0x60d ./libs/StdPeriph/src/stm32f4xx_gpio.o
 .debug_info    0x00004898      0xe0a ./libs/StdPeriph/src/stm32f4xx_rcc.o
 .debug_info    0x000056a2      0x298 ./libs/StdPeriph/src/stm32f4xx_syscfg.o
 .debug_info    0x0000593a     0x1c69 ./libs/StdPeriph/src/stm32f4xx_tim.o
 .debug_info    0x000075a3      0x9ca ./libs/StdPeriph/src/stm32f4xx_usart.o
 .debug_info    0x00007f6d      0x2a8 ./libs/FreeRTOS/src/list.o
 .debug_info    0x00008215      0xb9a ./libs/FreeRTOS/src/queue.o
 .debug_info    0x00008daf     0x11e2 ./libs/FreeRTOS/src/tasks.o
 .debug_info    0x00009f91      0x7ac ./libs/FreeRTOS/src/timers.o
 .debug_info    0x0000a73d      0x2fa ./libs/FreeRTOS/portable/heap_2.o
 .debug_info    0x0000aa37      0x35c ./libs/FreeRTOS/portable/port.o

.debug_abbrev   0x00000000     0x1ec8
 *(.debug_abbrev)
 .debug_abbrev  0x00000000      0x241 ./src/main.o
 .debug_abbrev  0x00000241      0x19d ./src/myFunction.o
 .debug_abbrev  0x000003de       0x8e ./libs/misc/src/_sbrk.o
 .debug_abbrev  0x0000046c      0x128 ./libs/cmsis/src/startup_cm.o
 .debug_abbrev  0x00000594       0xa9 ./libs/cmsis/src/startup_stm32f4xx.o
 .debug_abbrev  0x0000063d      0x13b ./libs/cmsis/src/system_stm32f4xx.o
 .debug_abbrev  0x00000778       0x92 ./libs/cmsis/src/vectors_stm32f4xx.o
 .debug_abbrev  0x0000080a      0x14a ./libs/StdPeriph/src/misc.o
 .debug_abbrev  0x00000954      0x19b ./libs/StdPeriph/src/stm32f4xx_adc.o
 .debug_abbrev  0x00000aef      0x15a ./libs/StdPeriph/src/stm32f4xx_dma.o
 .debug_abbrev  0x00000c49      0x1aa ./libs/StdPeriph/src/stm32f4xx_exti.o
 .debug_abbrev  0x00000df3      0x1a8 ./libs/StdPeriph/src/stm32f4xx_gpio.o
 .debug_abbrev  0x00000f9b      0x1bf ./libs/StdPeriph/src/stm32f4xx_rcc.o
 .debug_abbrev  0x0000115a      0x136 ./libs/StdPeriph/src/stm32f4xx_syscfg.o
 .debug_abbrev  0x00001290      0x18c ./libs/StdPeriph/src/stm32f4xx_tim.o
 .debug_abbrev  0x0000141c      0x15a ./libs/StdPeriph/src/stm32f4xx_usart.o
 .debug_abbrev  0x00001576       0xc1 ./libs/FreeRTOS/src/list.o
 .debug_abbrev  0x00001637      0x1cc ./libs/FreeRTOS/src/queue.o
 .debug_abbrev  0x00001803      0x229 ./libs/FreeRTOS/src/tasks.o
 .debug_abbrev  0x00001a2c      0x18b ./libs/FreeRTOS/src/timers.o
 .debug_abbrev  0x00001bb7      0x171 ./libs/FreeRTOS/portable/heap_2.o
 .debug_abbrev  0x00001d28      0x1a0 ./libs/FreeRTOS/portable/port.o

.debug_line     0x00000000     0x7652
 *(.debug_line)
 .debug_line    0x00000000      0x832 ./src/main.o
 .debug_line    0x00000832      0x5ad ./src/myFunction.o
 .debug_line    0x00000ddf      0x1a0 ./libs/misc/src/_sbrk.o
 .debug_line    0x00000f7f      0x1f0 ./libs/cmsis/src/startup_cm.o
 .debug_line    0x0000116f      0x3e1 ./libs/cmsis/src/startup_stm32f4xx.o
 .debug_line    0x00001550      0x43f ./libs/cmsis/src/system_stm32f4xx.o
 .debug_line    0x0000198f       0x93 ./libs/cmsis/src/vectors_stm32f4xx.o
 .debug_line    0x00001a22      0x41d ./libs/StdPeriph/src/misc.o
 .debug_line    0x00001e3f      0x721 ./libs/StdPeriph/src/stm32f4xx_adc.o
 .debug_line    0x00002560      0x5ab ./libs/StdPeriph/src/stm32f4xx_dma.o
 .debug_line    0x00002b0b      0x46a ./libs/StdPeriph/src/stm32f4xx_exti.o
 .debug_line    0x00002f75      0x513 ./libs/StdPeriph/src/stm32f4xx_gpio.o
 .debug_line    0x00003488      0x810 ./libs/StdPeriph/src/stm32f4xx_rcc.o
 .debug_line    0x00003c98      0x445 ./libs/StdPeriph/src/stm32f4xx_syscfg.o
 .debug_line    0x000040dd      0xc34 ./libs/StdPeriph/src/stm32f4xx_tim.o
 .debug_line    0x00004d11      0x662 ./libs/StdPeriph/src/stm32f4xx_usart.o
 .debug_line    0x00005373      0x2bc ./libs/FreeRTOS/src/list.o
 .debug_line    0x0000562f      0x806 ./libs/FreeRTOS/src/queue.o
 .debug_line    0x00005e35      0xadc ./libs/FreeRTOS/src/tasks.o
 .debug_line    0x00006911      0x447 ./libs/FreeRTOS/src/timers.o
 .debug_line    0x00006d58      0x308 ./libs/FreeRTOS/portable/heap_2.o
 .debug_line    0x00007060      0x5f2 ./libs/FreeRTOS/portable/port.o

.debug_frame    0x00000000     0x3890
 *(.debug_frame)
 .debug_frame   0x00000000      0x290 ./src/main.o
 .debug_frame   0x00000290      0x10c ./src/myFunction.o
 .debug_frame   0x0000039c       0x30 ./libs/misc/src/_sbrk.o
 .debug_frame   0x000003cc       0x90 ./libs/cmsis/src/startup_cm.o
 .debug_frame   0x0000045c       0x44 ./libs/cmsis/src/startup_stm32f4xx.o
 .debug_frame   0x000004a0       0x64 ./libs/cmsis/src/system_stm32f4xx.o
 .debug_frame   0x00000504      0x100 ./libs/cmsis/src/vectors_stm32f4xx.o
 .debug_frame   0x00000604       0x9c ./libs/StdPeriph/src/misc.o
 .debug_frame   0x000006a0      0x434 ./libs/StdPeriph/src/stm32f4xx_adc.o
 .debug_frame   0x00000ad4      0x224 ./libs/StdPeriph/src/stm32f4xx_dma.o
 .debug_frame   0x00000cf8       0xec ./libs/StdPeriph/src/stm32f4xx_exti.o
 .debug_frame   0x00000de4      0x19c ./libs/StdPeriph/src/stm32f4xx_gpio.o
 .debug_frame   0x00000f80      0x5b8 ./libs/StdPeriph/src/stm32f4xx_rcc.o
 .debug_frame   0x00001538       0xd8 ./libs/StdPeriph/src/stm32f4xx_syscfg.o
 .debug_frame   0x00001610      0xa3c ./libs/StdPeriph/src/stm32f4xx_tim.o
 .debug_frame   0x0000204c      0x344 ./libs/StdPeriph/src/stm32f4xx_usart.o
 .debug_frame   0x00002390       0x9c ./libs/FreeRTOS/src/list.o
 .debug_frame   0x0000242c      0x37c ./libs/FreeRTOS/src/queue.o
 .debug_frame   0x000027a8      0x578 ./libs/FreeRTOS/src/tasks.o
 .debug_frame   0x00002d20      0x1c4 ./libs/FreeRTOS/src/timers.o
 .debug_frame   0x00002ee4       0x9c ./libs/FreeRTOS/portable/heap_2.o
 .debug_frame   0x00002f80      0x188 ./libs/FreeRTOS/portable/port.o
 .debug_frame   0x00003108       0x20 /opt/ARM/bin/../lib/gcc/arm-none-eabi/4.8.4/../../../../arm-none-eabi/lib/armv7e-m/softfp/libg.a(lib_a-errno.o)
 .debug_frame   0x00003128       0x2c /opt/ARM/bin/../lib/gcc/arm-none-eabi/4.8.4/../../../../arm-none-eabi/lib/armv7e-m/softfp/libg.a(lib_a-memcmp.o)
 .debug_frame   0x00003154       0x2c /opt/ARM/bin/../lib/gcc/arm-none-eabi/4.8.4/../../../../arm-none-eabi/lib/armv7e-m/softfp/libg.a(lib_a-memset.o)
 .debug_frame   0x00003180       0x64 /opt/ARM/bin/../lib/gcc/arm-none-eabi/4.8.4/../../../../arm-none-eabi/lib/armv7e-m/softfp/libg.a(lib_a-sprintf.o)
 .debug_frame   0x000031e4       0x3c /opt/ARM/bin/../lib/gcc/arm-none-eabi/4.8.4/../../../../arm-none-eabi/lib/armv7e-m/softfp/libg.a(lib_a-svfprintf.o)
 .debug_frame   0x00003220       0x64 /opt/ARM/bin/../lib/gcc/arm-none-eabi/4.8.4/../../../../arm-none-eabi/lib/armv7e-m/softfp/libg.a(lib_a-dtoa.o)
 .debug_frame   0x00003284       0x98 /opt/ARM/bin/../lib/gcc/arm-none-eabi/4.8.4/../../../../arm-none-eabi/lib/armv7e-m/softfp/libg.a(lib_a-locale.o)
 .debug_frame   0x0000331c       0x38 /opt/ARM/bin/../lib/gcc/arm-none-eabi/4.8.4/../../../../arm-none-eabi/lib/armv7e-m/softfp/libg.a(lib_a-mallocr.o)
 .debug_frame   0x00003354       0x2c /opt/ARM/bin/../lib/gcc/arm-none-eabi/4.8.4/../../../../arm-none-eabi/lib/armv7e-m/softfp/libg.a(lib_a-memchr-stub.o)
 .debug_frame   0x00003380       0x30 /opt/ARM/bin/../lib/gcc/arm-none-eabi/4.8.4/../../../../arm-none-eabi/lib/armv7e-m/softfp/libg.a(lib_a-mlock.o)
 .debug_frame   0x000033b0      0x22c /opt/ARM/bin/../lib/gcc/arm-none-eabi/4.8.4/../../../../arm-none-eabi/lib/armv7e-m/softfp/libg.a(lib_a-mprec.o)
 .debug_frame   0x000035dc       0x28 /opt/ARM/bin/../lib/gcc/arm-none-eabi/4.8.4/../../../../arm-none-eabi/lib/armv7e-m/softfp/libg.a(lib_a-s_fpclassify.o)
 .debug_frame   0x00003604       0x2c /opt/ARM/bin/../lib/gcc/arm-none-eabi/4.8.4/../../../../arm-none-eabi/lib/armv7e-m/softfp/libg.a(lib_a-sbrkr.o)
 .debug_frame   0x00003630       0x20 /opt/ARM/bin/../lib/gcc/arm-none-eabi/4.8.4/../../../../arm-none-eabi/lib/armv7e-m/softfp/libg.a(lib_a-strlen.o)
 .debug_frame   0x00003650       0x64 /opt/ARM/bin/../lib/gcc/arm-none-eabi/4.8.4/../../../../arm-none-eabi/lib/armv7e-m/softfp/libg.a(lib_a-svfiprintf.o)
 .debug_frame   0x000036b4       0x28 /opt/ARM/bin/../lib/gcc/arm-none-eabi/4.8.4/../../../../arm-none-eabi/lib/armv7e-m/softfp/libg.a(lib_a-callocr.o)
 .debug_frame   0x000036dc       0x50 /opt/ARM/bin/../lib/gcc/arm-none-eabi/4.8.4/../../../../arm-none-eabi/lib/armv7e-m/softfp/libg.a(lib_a-freer.o)
 .debug_frame   0x0000372c       0x2c /opt/ARM/bin/../lib/gcc/arm-none-eabi/4.8.4/../../../../arm-none-eabi/lib/armv7e-m/softfp/libg.a(lib_a-memmove.o)
 .debug_frame   0x00003758       0x38 /opt/ARM/bin/../lib/gcc/arm-none-eabi/4.8.4/../../../../arm-none-eabi/lib/armv7e-m/softfp/libg.a(lib_a-reallocr.o)
 .debug_frame   0x00003790       0x48 /opt/ARM/bin/../lib/gcc/arm-none-eabi/4.8.4/../../../../arm-none-eabi/lib/armv7e-m/softfp/libg.a(lib_a-reent.o)
 .debug_frame   0x000037d8       0x50 /opt/ARM/bin/../lib/gcc/arm-none-eabi/4.8.4/armv7e-m/softfp/libgcc.a(bpabi.o)
 .debug_frame   0x00003828       0x34 /opt/ARM/bin/../lib/gcc/arm-none-eabi/4.8.4/armv7e-m/softfp/libgcc.a(_divdi3.o)
 .debug_frame   0x0000385c       0x34 /opt/ARM/bin/../lib/gcc/arm-none-eabi/4.8.4/armv7e-m/softfp/libgcc.a(_udivdi3.o)

.debug_str      0x00000000    0x6b22f
 *(.debug_str)
 .debug_str     0x00000000    0x6303d ./src/main.o
                              0x632a8 (size before relaxing)
 .debug_str     0x0006303d      0xb08 ./src/myFunction.o
                              0x601b0 (size before relaxing)
 .debug_str     0x00063b45      0x4d2 ./libs/misc/src/_sbrk.o
                               0x44b0 (size before relaxing)
 .debug_str     0x00064017      0x139 ./libs/cmsis/src/startup_cm.o
                               0x3520 (size before relaxing)
 .debug_str     0x00064150       0x37 ./libs/cmsis/src/startup_stm32f4xx.o
                              0x5d359 (size before relaxing)
 .debug_str     0x00064187      0x226 ./libs/cmsis/src/system_stm32f4xx.o
                              0x5d5dd (size before relaxing)
 .debug_str     0x000643ad       0xb0 ./libs/cmsis/src/vectors_stm32f4xx.o
                               0x254a (size before relaxing)
 .debug_str     0x0006445d      0x16a ./libs/StdPeriph/src/misc.o
                              0x5d5c6 (size before relaxing)
 .debug_str     0x000645c7      0x7c8 ./libs/StdPeriph/src/stm32f4xx_adc.o
                              0x5dcb5 (size before relaxing)
 .debug_str     0x00064d8f      0x55a ./libs/StdPeriph/src/stm32f4xx_dma.o
                              0x5da2c (size before relaxing)
 .debug_str     0x000652e9       0xff ./libs/StdPeriph/src/stm32f4xx_exti.o
                              0x5d53c (size before relaxing)
 .debug_str     0x000653e8      0x168 ./libs/StdPeriph/src/stm32f4xx_gpio.o
                              0x5d671 (size before relaxing)
 .debug_str     0x00065550      0xc3f ./libs/StdPeriph/src/stm32f4xx_rcc.o
                              0x5e12a (size before relaxing)
 .debug_str     0x0006618f      0x347 ./libs/StdPeriph/src/stm32f4xx_syscfg.o
                              0x5d6c9 (size before relaxing)
 .debug_str     0x000664d6      0xb2a ./libs/StdPeriph/src/stm32f4xx_tim.o
                              0x5e065 (size before relaxing)
 .debug_str     0x00067000      0x4a4 ./libs/StdPeriph/src/stm32f4xx_usart.o
                              0x5d981 (size before relaxing)
 .debug_str     0x000674a4      0x226 ./libs/FreeRTOS/src/list.o
                               0x6a70 (size before relaxing)
 .debug_str     0x000676ca     0x15d3 ./libs/FreeRTOS/src/queue.o
                               0x8da8 (size before relaxing)
 .debug_str     0x00068c9d     0x1781 ./libs/FreeRTOS/src/tasks.o
                               0x94d9 (size before relaxing)
 .debug_str     0x0006a41e      0x37d ./libs/FreeRTOS/src/timers.o
                               0x81d0 (size before relaxing)
 .debug_str     0x0006a79b      0x352 ./libs/FreeRTOS/portable/heap_2.o
                               0x707f (size before relaxing)
 .debug_str     0x0006aaed      0x742 ./libs/FreeRTOS/portable/port.o
                              0x60486 (size before relaxing)

.debug_loc
 *(.debug_loc)

.debug_macinfo
 *(.debug_macinfo)

.debug_weaknames
 *(.debug_weaknames)

.debug_funcnames
 *(.debug_funcnames)

.debug_typenames
 *(.debug_typenames)

.debug_varnames
 *(.debug_varnames)
OUTPUT(Project_v2.0.elf elf32-littlearm)

.debug_ranges   0x00000000      0xdf8
 .debug_ranges  0x00000000       0xa8 ./src/main.o
 .debug_ranges  0x000000a8       0x48 ./src/myFunction.o
 .debug_ranges  0x000000f0       0x10 ./libs/misc/src/_sbrk.o
 .debug_ranges  0x00000100       0x28 ./libs/cmsis/src/startup_cm.o
 .debug_ranges  0x00000128       0x18 ./libs/cmsis/src/startup_stm32f4xx.o
 .debug_ranges  0x00000140       0x20 ./libs/cmsis/src/system_stm32f4xx.o
 .debug_ranges  0x00000160       0x58 ./libs/cmsis/src/vectors_stm32f4xx.o
 .debug_ranges  0x000001b8       0x30 ./libs/StdPeriph/src/misc.o
 .debug_ranges  0x000001e8      0x138 ./libs/StdPeriph/src/stm32f4xx_adc.o
 .debug_ranges  0x00000320       0xa0 ./libs/StdPeriph/src/stm32f4xx_dma.o
 .debug_ranges  0x000003c0       0x48 ./libs/StdPeriph/src/stm32f4xx_exti.o
 .debug_ranges  0x00000408       0x78 ./libs/StdPeriph/src/stm32f4xx_gpio.o
 .debug_ranges  0x00000480      0x1a8 ./libs/StdPeriph/src/stm32f4xx_rcc.o
 .debug_ranges  0x00000628       0x40 ./libs/StdPeriph/src/stm32f4xx_syscfg.o
 .debug_ranges  0x00000668      0x2e8 ./libs/StdPeriph/src/stm32f4xx_tim.o
 .debug_ranges  0x00000950       0xf0 ./libs/StdPeriph/src/stm32f4xx_usart.o
 .debug_ranges  0x00000a40       0x30 ./libs/FreeRTOS/src/list.o
 .debug_ranges  0x00000a70       0xe8 ./libs/FreeRTOS/src/queue.o
 .debug_ranges  0x00000b58      0x170 ./libs/FreeRTOS/src/tasks.o
 .debug_ranges  0x00000cc8       0x78 ./libs/FreeRTOS/src/timers.o
 .debug_ranges  0x00000d40       0x30 ./libs/FreeRTOS/portable/heap_2.o
 .debug_ranges  0x00000d70       0x88 ./libs/FreeRTOS/portable/port.o

.debug_macro    0x00000000    0x136d8
 .debug_macro   0x00000000      0x315 ./src/main.o
 .debug_macro   0x00000315      0x86e ./src/main.o
 .debug_macro   0x00000b83       0x5e ./src/main.o
 .debug_macro   0x00000be1       0x3b ./src/main.o
 .debug_macro   0x00000c1c       0x16 ./src/main.o
 .debug_macro   0x00000c32       0x44 ./src/main.o
 .debug_macro   0x00000c76      0x209 ./src/main.o
 .debug_macro   0x00000e7f       0x2d ./src/main.o
 .debug_macro   0x00000eac       0x42 ./src/main.o
 .debug_macro   0x00000eee      0xd39 ./src/main.o
 .debug_macro   0x00001c27     0x8bb0 ./src/main.o
 .debug_macro   0x0000a7d7      0x44f ./src/main.o
 .debug_macro   0x0000ac26       0xb2 ./src/main.o
 .debug_macro   0x0000acd8      0x477 ./src/main.o
 .debug_macro   0x0000b14f       0xae ./src/main.o
 .debug_macro   0x0000b1fd      0x41c ./src/main.o
 .debug_macro   0x0000b619      0x2a4 ./src/main.o
 .debug_macro   0x0000b8bd      0x2bb ./src/main.o
 .debug_macro   0x0000bb78       0x64 ./src/main.o
 .debug_macro   0x0000bbdc       0xe7 ./src/main.o
 .debug_macro   0x0000bcc3      0x62f ./src/main.o
 .debug_macro   0x0000c2f2      0x57b ./src/main.o
 .debug_macro   0x0000c86d      0x342 ./src/main.o
 .debug_macro   0x0000cbaf      0x36c ./src/main.o
 .debug_macro   0x0000cf1b       0xf7 ./src/main.o
 .debug_macro   0x0000d012      0x73b ./src/main.o
 .debug_macro   0x0000d74d      0x223 ./src/main.o
 .debug_macro   0x0000d970       0x34 ./src/main.o
 .debug_macro   0x0000d9a4       0x82 ./src/main.o
 .debug_macro   0x0000da26      0x144 ./src/main.o
 .debug_macro   0x0000db6a       0xc3 ./src/main.o
 .debug_macro   0x0000dc2d       0x40 ./src/main.o
 .debug_macro   0x0000dc6d      0x3cf ./src/main.o
 .debug_macro   0x0000e03c      0x188 ./src/main.o
 .debug_macro   0x0000e1c4      0x149 ./src/main.o
 .debug_macro   0x0000e30d      0x279 ./src/main.o
 .debug_macro   0x0000e586       0x35 ./src/main.o
 .debug_macro   0x0000e5bb       0x58 ./src/main.o
 .debug_macro   0x0000e613       0x35 ./src/main.o
 .debug_macro   0x0000e648       0xa3 ./src/main.o
 .debug_macro   0x0000e6eb       0x16 ./src/main.o
 .debug_macro   0x0000e701       0x97 ./src/main.o
 .debug_macro   0x0000e798       0x10 ./src/main.o
 .debug_macro   0x0000e7a8       0xf6 ./src/main.o
 .debug_macro   0x0000e89e       0x52 ./src/main.o
 .debug_macro   0x0000e8f0       0x16 ./src/main.o
 .debug_macro   0x0000e906       0x43 ./src/main.o
 .debug_macro   0x0000e949      0x180 ./src/main.o
 .debug_macro   0x0000eac9       0x10 ./src/main.o
 .debug_macro   0x0000ead9       0x22 ./src/main.o
 .debug_macro   0x0000eafb       0xbd ./src/main.o
 .debug_macro   0x0000ebb8       0x16 ./src/main.o
 .debug_macro   0x0000ebce      0x16c ./src/main.o
 .debug_macro   0x0000ed3a       0x40 ./src/main.o
 .debug_macro   0x0000ed7a      0x10f ./src/main.o
 .debug_macro   0x0000ee89       0xb6 ./src/main.o
 .debug_macro   0x0000ef3f       0x12 ./src/main.o
 .debug_macro   0x0000ef51       0x1f ./src/main.o
 .debug_macro   0x0000ef70      0x329 ./src/main.o
 .debug_macro   0x0000f299       0x79 ./src/main.o
 .debug_macro   0x0000f312       0x57 ./src/main.o
 .debug_macro   0x0000f369       0xb0 ./src/main.o
 .debug_macro   0x0000f419       0x7e ./src/main.o
 .debug_macro   0x0000f497      0x25d ./src/myFunction.o
 .debug_macro   0x0000f6f4       0xd1 ./libs/misc/src/_sbrk.o
 .debug_macro   0x0000f7c5       0x4a ./libs/misc/src/_sbrk.o
 .debug_macro   0x0000f80f       0x19 ./libs/misc/src/_sbrk.o
 .debug_macro   0x0000f828      0x16d ./libs/misc/src/_sbrk.o
 .debug_macro   0x0000f995       0x10 ./libs/misc/src/_sbrk.o
 .debug_macro   0x0000f9a5      0x23b ./libs/misc/src/_sbrk.o
 .debug_macro   0x0000fbe0       0xa6 ./libs/cmsis/src/startup_cm.o
 .debug_macro   0x0000fc86      0x195 ./libs/cmsis/src/startup_stm32f4xx.o
 .debug_macro   0x0000fe1b      0x1b9 ./libs/cmsis/src/system_stm32f4xx.o
 .debug_macro   0x0000ffd4       0x11 ./libs/cmsis/src/vectors_stm32f4xx.o
 .debug_macro   0x0000ffe5      0x1a5 ./libs/StdPeriph/src/misc.o
 .debug_macro   0x0001018a       0x7c ./libs/StdPeriph/src/misc.o
 .debug_macro   0x00010206      0x223 ./libs/StdPeriph/src/stm32f4xx_adc.o
 .debug_macro   0x00010429      0x1f3 ./libs/StdPeriph/src/stm32f4xx_dma.o
 .debug_macro   0x0001061c      0x471 ./libs/StdPeriph/src/stm32f4xx_dma.o
 .debug_macro   0x00010a8d      0x1a5 ./libs/StdPeriph/src/stm32f4xx_exti.o
 .debug_macro   0x00010c32       0xa8 ./libs/StdPeriph/src/stm32f4xx_exti.o
 .debug_macro   0x00010cda      0x19f ./libs/StdPeriph/src/stm32f4xx_gpio.o
 .debug_macro   0x00010e79      0x29e ./libs/StdPeriph/src/stm32f4xx_gpio.o
 .debug_macro   0x00011117      0x269 ./libs/StdPeriph/src/stm32f4xx_rcc.o
 .debug_macro   0x00011380      0x629 ./libs/StdPeriph/src/stm32f4xx_rcc.o
 .debug_macro   0x000119a9      0x1db ./libs/StdPeriph/src/stm32f4xx_syscfg.o
 .debug_macro   0x00011b84       0xf1 ./libs/StdPeriph/src/stm32f4xx_syscfg.o
 .debug_macro   0x00011c75      0x1c9 ./libs/StdPeriph/src/stm32f4xx_tim.o
 .debug_macro   0x00011e3e      0x735 ./libs/StdPeriph/src/stm32f4xx_tim.o
 .debug_macro   0x00012573      0x1b7 ./libs/StdPeriph/src/stm32f4xx_usart.o
 .debug_macro   0x0001272a      0x21d ./libs/StdPeriph/src/stm32f4xx_usart.o
 .debug_macro   0x00012947      0x139 ./libs/FreeRTOS/src/list.o
 .debug_macro   0x00012a80      0x1c9 ./libs/FreeRTOS/src/queue.o
 .debug_macro   0x00012c49      0x283 ./libs/FreeRTOS/src/queue.o
 .debug_macro   0x00012ecc       0x10 ./libs/FreeRTOS/src/queue.o
 .debug_macro   0x00012edc       0x35 ./libs/FreeRTOS/src/queue.o
 .debug_macro   0x00012f11       0x1f ./libs/FreeRTOS/src/queue.o
 .debug_macro   0x00012f30      0x20c ./libs/FreeRTOS/src/tasks.o
 .debug_macro   0x0001313c       0x17 ./libs/FreeRTOS/src/tasks.o
 .debug_macro   0x00013153      0x176 ./libs/FreeRTOS/src/timers.o
 .debug_macro   0x000132c9      0x166 ./libs/FreeRTOS/portable/heap_2.o
 .debug_macro   0x0001342f      0x2a9 ./libs/FreeRTOS/portable/port.o
